Archive member included to satisfy reference by file (symbol)

/home/defaultuser/Documents/niboLib304/lib/nibo2-m128-16/libnibo2_base.a(display.o)
                              ./src/main.o (display_init)
/home/defaultuser/Documents/niboLib304/lib/nibo2-m128-16/libnibo2_base.a(delay.o)
                              ./src/main.o (delay)
/home/defaultuser/Documents/niboLib304/lib/nibo2-m128-16/libnibo2_base.a(spi.o)
                              ./src/main.o (spi_init)
/home/defaultuser/Documents/niboLib304/lib/nibo2-m128-16/libnibo2_base.a(gfx.o)
                              ./src/main.o (gfx_move)
/home/defaultuser/Documents/niboLib304/lib/nibo2-m128-16/libnibo2_base.a(copro.o)
                              /home/defaultuser/Documents/niboLib304/lib/nibo2-m128-16/libnibo2_base.a(spi.o) (spi_finished_callback)
/home/defaultuser/Documents/niboLib304/lib/nibo2-m128-16/libnibo2_base.a(bot.o)
                              ./src/main.o (bot_init)
/home/defaultuser/Documents/niboLib304/lib/nibo2-m128-16/libnibo2_base.a(leds.o)
                              ./src/main.o (leds_init)
/home/defaultuser/Documents/niboLib304/lib/nibo2-m128-16/libnibo2_base.a(pwm.o)
                              /home/defaultuser/Documents/niboLib304/lib/nibo2-m128-16/libnibo2_base.a(leds.o) (pwm_channel_A)
/home/defaultuser/Documents/niboLib304/lib/nibo2-m128-16/libnibo2_base.a(analog.o)
                              /home/defaultuser/Documents/niboLib304/lib/nibo2-m128-16/libnibo2_base.a(bot.o) (analog_init)
/usr/lib/gcc/avr/5.4.0/avr51/libgcc.a(_exit.o)
                              /usr/lib/gcc/avr/5.4.0/../../../avr/lib/avr51/crtatmega128.o (exit)
/usr/lib/gcc/avr/5.4.0/avr51/libgcc.a(_tablejump2.o)
                              /home/defaultuser/Documents/niboLib304/lib/nibo2-m128-16/libnibo2_base.a(analog.o) (__tablejump2__)
/usr/lib/gcc/avr/5.4.0/avr51/libgcc.a(_copy_data.o)
                              ./src/main.o (__do_copy_data)
/usr/lib/gcc/avr/5.4.0/avr51/libgcc.a(_clear_bss.o)
                              /home/defaultuser/Documents/niboLib304/lib/nibo2-m128-16/libnibo2_base.a(display.o) (__do_clear_bss)
/usr/lib/gcc/avr/5.4.0/../../../avr/lib/avr51/libc.a(sprintf.o)
                              ./src/main.o (sprintf)
/usr/lib/gcc/avr/5.4.0/../../../avr/lib/avr51/libc.a(vfprintf_std.o)
                              /usr/lib/gcc/avr/5.4.0/../../../avr/lib/avr51/libc.a(sprintf.o) (vfprintf)
/usr/lib/gcc/avr/5.4.0/../../../avr/lib/avr51/libc.a(strnlen_P.o)
                              /usr/lib/gcc/avr/5.4.0/../../../avr/lib/avr51/libc.a(vfprintf_std.o) (strnlen_P)
/usr/lib/gcc/avr/5.4.0/../../../avr/lib/avr51/libc.a(strnlen.o)
                              /usr/lib/gcc/avr/5.4.0/../../../avr/lib/avr51/libc.a(vfprintf_std.o) (strnlen)
/usr/lib/gcc/avr/5.4.0/../../../avr/lib/avr51/libc.a(fputc.o)
                              /usr/lib/gcc/avr/5.4.0/../../../avr/lib/avr51/libc.a(vfprintf_std.o) (fputc)
/usr/lib/gcc/avr/5.4.0/../../../avr/lib/avr51/libc.a(ultoa_invert.o)
                              /usr/lib/gcc/avr/5.4.0/../../../avr/lib/avr51/libc.a(vfprintf_std.o) (__ultoa_invert)

Allocating common symbols
Common symbol       size              file

copro_ticks_offset_r
                    0x2               /home/defaultuser/Documents/niboLib304/lib/nibo2-m128-16/libnibo2_base.a(copro.o)
_display_mode_inv   0x1               /home/defaultuser/Documents/niboLib304/lib/nibo2-m128-16/libnibo2_base.a(display.o)
copro_ticks_offset_l
                    0x2               /home/defaultuser/Documents/niboLib304/lib/nibo2-m128-16/libnibo2_base.a(copro.o)
copro_current_l     0x2               /home/defaultuser/Documents/niboLib304/lib/nibo2-m128-16/libnibo2_base.a(copro.o)
gfx_dm              0x1               /home/defaultuser/Documents/niboLib304/lib/nibo2-m128-16/libnibo2_base.a(gfx.o)
analog_pos          0x1               /home/defaultuser/Documents/niboLib304/lib/nibo2-m128-16/libnibo2_base.a(analog.o)
spi_tx_buf          0x1b              /home/defaultuser/Documents/niboLib304/lib/nibo2-m128-16/libnibo2_base.a(spi.o)
copro_commands      0x15              /home/defaultuser/Documents/niboLib304/lib/nibo2-m128-16/libnibo2_base.a(copro.o)
spi_rx_size         0x1               /home/defaultuser/Documents/niboLib304/lib/nibo2-m128-16/libnibo2_base.a(spi.o)
copro_ticks_l       0x2               /home/defaultuser/Documents/niboLib304/lib/nibo2-m128-16/libnibo2_base.a(copro.o)
analog_flags        0x1               /home/defaultuser/Documents/niboLib304/lib/nibo2-m128-16/libnibo2_base.a(analog.o)
copro_rc5_cmd       0x2               /home/defaultuser/Documents/niboLib304/lib/nibo2-m128-16/libnibo2_base.a(copro.o)
pwm_channel_A       0x2               /home/defaultuser/Documents/niboLib304/lib/nibo2-m128-16/libnibo2_base.a(pwm.o)
copro_distance      0xa               /home/defaultuser/Documents/niboLib304/lib/nibo2-m128-16/libnibo2_base.a(copro.o)
spi_err_cnt         0x1               /home/defaultuser/Documents/niboLib304/lib/nibo2-m128-16/libnibo2_base.a(spi.o)
copro_pos_x         0x4               /home/defaultuser/Documents/niboLib304/lib/nibo2-m128-16/libnibo2_base.a(copro.o)
copro_pos_ori       0x4               /home/defaultuser/Documents/niboLib304/lib/nibo2-m128-16/libnibo2_base.a(copro.o)
copro_speed_r       0x2               /home/defaultuser/Documents/niboLib304/lib/nibo2-m128-16/libnibo2_base.a(copro.o)
pwm_channel_B       0x2               /home/defaultuser/Documents/niboLib304/lib/nibo2-m128-16/libnibo2_base.a(pwm.o)
analog_sample_id    0x1               /home/defaultuser/Documents/niboLib304/lib/nibo2-m128-16/libnibo2_base.a(analog.o)
pwm_timer_ms        0x2               /home/defaultuser/Documents/niboLib304/lib/nibo2-m128-16/libnibo2_base.a(pwm.o)
analog_samples      0x1a              /home/defaultuser/Documents/niboLib304/lib/nibo2-m128-16/libnibo2_base.a(analog.o)
spi_tx_size         0x1               /home/defaultuser/Documents/niboLib304/lib/nibo2-m128-16/libnibo2_base.a(spi.o)
gfx_term_row        0x1               /home/defaultuser/Documents/niboLib304/lib/nibo2-m128-16/libnibo2_base.a(gfx.o)
gfx_proportional    0x1               /home/defaultuser/Documents/niboLib304/lib/nibo2-m128-16/libnibo2_base.a(gfx.o)
copro_ticks_r       0x2               /home/defaultuser/Documents/niboLib304/lib/nibo2-m128-16/libnibo2_base.a(copro.o)
copro_pos_y         0x4               /home/defaultuser/Documents/niboLib304/lib/nibo2-m128-16/libnibo2_base.a(copro.o)
analog_random_seed  0x2               /home/defaultuser/Documents/niboLib304/lib/nibo2-m128-16/libnibo2_base.a(analog.o)
bot_supply          0x2               /home/defaultuser/Documents/niboLib304/lib/nibo2-m128-16/libnibo2_base.a(bot.o)
spi_frame_cnt       0x1               /home/defaultuser/Documents/niboLib304/lib/nibo2-m128-16/libnibo2_base.a(spi.o)
copro_ir_mode       0x1               /home/defaultuser/Documents/niboLib304/lib/nibo2-m128-16/libnibo2_base.a(copro.o)
spi_size            0x1               /home/defaultuser/Documents/niboLib304/lib/nibo2-m128-16/libnibo2_base.a(spi.o)
copro_rc5_count     0x1               /home/defaultuser/Documents/niboLib304/lib/nibo2-m128-16/libnibo2_base.a(copro.o)
display_type        0x1               /home/defaultuser/Documents/niboLib304/lib/nibo2-m128-16/libnibo2_base.a(display.o)
gfx_x               0x1               /home/defaultuser/Documents/niboLib304/lib/nibo2-m128-16/libnibo2_base.a(gfx.o)
copro_current_r     0x2               /home/defaultuser/Documents/niboLib304/lib/nibo2-m128-16/libnibo2_base.a(copro.o)
copro_buffer        0x1b              /home/defaultuser/Documents/niboLib304/lib/nibo2-m128-16/libnibo2_base.a(copro.o)
spi_rx_buf          0x1b              /home/defaultuser/Documents/niboLib304/lib/nibo2-m128-16/libnibo2_base.a(spi.o)
gfx_tile            0x8               /home/defaultuser/Documents/niboLib304/lib/nibo2-m128-16/libnibo2_base.a(gfx.o)
pwm_channel_C       0x2               /home/defaultuser/Documents/niboLib304/lib/nibo2-m128-16/libnibo2_base.a(pwm.o)
spi_tx_chk          0x1               /home/defaultuser/Documents/niboLib304/lib/nibo2-m128-16/libnibo2_base.a(spi.o)
pwm_timer_sub       0x2               /home/defaultuser/Documents/niboLib304/lib/nibo2-m128-16/libnibo2_base.a(pwm.o)
pwm_timer_sec       0x4               /home/defaultuser/Documents/niboLib304/lib/nibo2-m128-16/libnibo2_base.a(pwm.o)
spi_pos             0x1               /home/defaultuser/Documents/niboLib304/lib/nibo2-m128-16/libnibo2_base.a(spi.o)
gfx_y               0x1               /home/defaultuser/Documents/niboLib304/lib/nibo2-m128-16/libnibo2_base.a(gfx.o)
copro_target_distance
                    0x2               /home/defaultuser/Documents/niboLib304/lib/nibo2-m128-16/libnibo2_base.a(copro.o)
spi_rx_chk          0x1               /home/defaultuser/Documents/niboLib304/lib/nibo2-m128-16/libnibo2_base.a(spi.o)
gfx_term_col        0x1               /home/defaultuser/Documents/niboLib304/lib/nibo2-m128-16/libnibo2_base.a(gfx.o)
copro_seq           0x1               /home/defaultuser/Documents/niboLib304/lib/nibo2-m128-16/libnibo2_base.a(copro.o)
copro_speed_l       0x2               /home/defaultuser/Documents/niboLib304/lib/nibo2-m128-16/libnibo2_base.a(copro.o)

Memory Configuration

Name             Origin             Length             Attributes
text             0x0000000000000000 0x0000000000020000 xr
data             0x0000000000800100 0x000000000000ff00 rw !x
eeprom           0x0000000000810000 0x0000000000010000 rw !x
fuse             0x0000000000820000 0x0000000000000003 rw !x
lock             0x0000000000830000 0x0000000000000400 rw !x
signature        0x0000000000840000 0x0000000000000400 rw !x
user_signatures  0x0000000000850000 0x0000000000000400 rw !x
*default*        0x0000000000000000 0xffffffffffffffff

Linker script and memory map

Address of section .data set to 0x800100
LOAD /usr/lib/gcc/avr/5.4.0/../../../avr/lib/avr51/crtatmega128.o
LOAD ./src/main.o
LOAD /home/defaultuser/Documents/niboLib304/lib/nibo2-m128-16/libnibo2_nds3.a
LOAD /home/defaultuser/Documents/niboLib304/lib/nibo2-m128-16/libnibo2_base.a
LOAD /home/defaultuser/Documents/niboLib304/lib/nibo2-m128-16/libnibo2_class.a
LOAD /usr/lib/gcc/avr/5.4.0/../../../avr/lib/avr51/libprintf_flt.a
LOAD /usr/lib/gcc/avr/5.4.0/../../../avr/lib/avr51/libm.a
LOAD /home/defaultuser/Documents/niboLib304/lib/nibo2-m128-16/libnibo2_uart-0.a
START GROUP
LOAD /usr/lib/gcc/avr/5.4.0/avr51/libgcc.a
LOAD /usr/lib/gcc/avr/5.4.0/../../../avr/lib/avr51/libm.a
LOAD /usr/lib/gcc/avr/5.4.0/../../../avr/lib/avr51/libc.a
LOAD /usr/lib/gcc/avr/5.4.0/../../../avr/lib/avr51/libatmega128.a
END GROUP
                0x0000000000020000                __TEXT_REGION_LENGTH__ = DEFINED (__TEXT_REGION_LENGTH__)?__TEXT_REGION_LENGTH__:0x20000
                0x000000000000ff00                __DATA_REGION_LENGTH__ = DEFINED (__DATA_REGION_LENGTH__)?__DATA_REGION_LENGTH__:0xff00
                0x0000000000010000                __EEPROM_REGION_LENGTH__ = DEFINED (__EEPROM_REGION_LENGTH__)?__EEPROM_REGION_LENGTH__:0x10000
                [0x0000000000000003]                __FUSE_REGION_LENGTH__ = DEFINED (__FUSE_REGION_LENGTH__)?__FUSE_REGION_LENGTH__:0x400
                0x0000000000000400                __LOCK_REGION_LENGTH__ = DEFINED (__LOCK_REGION_LENGTH__)?__LOCK_REGION_LENGTH__:0x400
                0x0000000000000400                __SIGNATURE_REGION_LENGTH__ = DEFINED (__SIGNATURE_REGION_LENGTH__)?__SIGNATURE_REGION_LENGTH__:0x400
                0x0000000000000400                __USER_SIGNATURE_REGION_LENGTH__ = DEFINED (__USER_SIGNATURE_REGION_LENGTH__)?__USER_SIGNATURE_REGION_LENGTH__:0x400

.hash
 *(.hash)

.dynsym
 *(.dynsym)

.dynstr
 *(.dynstr)

.gnu.version
 *(.gnu.version)

.gnu.version_d
 *(.gnu.version_d)

.gnu.version_r
 *(.gnu.version_r)

.rel.init
 *(.rel.init)

.rela.init
 *(.rela.init)

.rel.text
 *(.rel.text)
 *(.rel.text.*)
 *(.rel.gnu.linkonce.t*)

.rela.text
 *(.rela.text)
 *(.rela.text.*)
 *(.rela.gnu.linkonce.t*)

.rel.fini
 *(.rel.fini)

.rela.fini
 *(.rela.fini)

.rel.rodata
 *(.rel.rodata)
 *(.rel.rodata.*)
 *(.rel.gnu.linkonce.r*)

.rela.rodata
 *(.rela.rodata)
 *(.rela.rodata.*)
 *(.rela.gnu.linkonce.r*)

.rel.data
 *(.rel.data)
 *(.rel.data.*)
 *(.rel.gnu.linkonce.d*)

.rela.data
 *(.rela.data)
 *(.rela.data.*)
 *(.rela.gnu.linkonce.d*)

.rel.ctors
 *(.rel.ctors)

.rela.ctors
 *(.rela.ctors)

.rel.dtors
 *(.rel.dtors)

.rela.dtors
 *(.rela.dtors)

.rel.got
 *(.rel.got)

.rela.got
 *(.rela.got)

.rel.bss
 *(.rel.bss)

.rela.bss
 *(.rela.bss)

.rel.plt
 *(.rel.plt)

.rela.plt
 *(.rela.plt)

.text           0x0000000000000000     0x1f42
 *(.vectors)
 .vectors       0x0000000000000000       0x8c /usr/lib/gcc/avr/5.4.0/../../../avr/lib/avr51/crtatmega128.o
                0x0000000000000000                __vectors
                0x0000000000000000                __vector_default
 *(.vectors)
 *(.progmem.gcc*)
 .progmem.gcc_sw_table.__vector_21
                0x000000000000008c       0x34 /home/defaultuser/Documents/niboLib304/lib/nibo2-m128-16/libnibo2_base.a(analog.o)
                0x00000000000000c0                . = ALIGN (0x2)
                0x00000000000000c0                __trampolines_start = .
 *(.trampolines)
 .trampolines   0x00000000000000c0        0x0 linker stubs
 *(.trampolines*)
                0x00000000000000c0                __trampolines_end = .
 *libprintf_flt.a:*(.progmem.data)
 *libc.a:*(.progmem.data)
 *(.progmem*)
 .progmem.data  0x00000000000000c0       0x1a /home/defaultuser/Documents/niboLib304/lib/nibo2-m128-16/libnibo2_base.a(bot.o)
                0x00000000000000c0                bot_lib_version
                0x00000000000000c4                bot_lib_revision
                0x00000000000000da                . = ALIGN (0x2)
 *(.jumptables)
 *(.jumptables*)
 *(.lowtext)
 *(.lowtext*)
                0x00000000000000da                __ctors_start = .
 *(.ctors)
                0x00000000000000da                __ctors_end = .
                0x00000000000000da                __dtors_start = .
 *(.dtors)
                0x00000000000000da                __dtors_end = .
 SORT(*)(.ctors)
 SORT(*)(.dtors)
 *(.init0)
 .init0         0x00000000000000da        0x0 /usr/lib/gcc/avr/5.4.0/../../../avr/lib/avr51/crtatmega128.o
                0x00000000000000da                __init
 *(.init0)
 *(.init1)
 *(.init1)
 *(.init2)
 .init2         0x00000000000000da        0xc /usr/lib/gcc/avr/5.4.0/../../../avr/lib/avr51/crtatmega128.o
 *(.init2)
 *(.init3)
 *(.init3)
 *(.init4)
 .init4         0x00000000000000e6       0x1a /usr/lib/gcc/avr/5.4.0/avr51/libgcc.a(_copy_data.o)
                0x00000000000000e6                __do_copy_data
 .init4         0x0000000000000100       0x10 /usr/lib/gcc/avr/5.4.0/avr51/libgcc.a(_clear_bss.o)
                0x0000000000000100                __do_clear_bss
 *(.init4)
 *(.init5)
 *(.init5)
 *(.init6)
 *(.init6)
 *(.init7)
 *(.init7)
 *(.init8)
 *(.init8)
 *(.init9)
 .init9         0x0000000000000110        0x8 /usr/lib/gcc/avr/5.4.0/../../../avr/lib/avr51/crtatmega128.o
 *(.init9)
 *(.text)
 .text          0x0000000000000118        0x4 /usr/lib/gcc/avr/5.4.0/../../../avr/lib/avr51/crtatmega128.o
                0x0000000000000118                __vector_22
                0x0000000000000118                __vector_28
                0x0000000000000118                __vector_1
                0x0000000000000118                __vector_32
                0x0000000000000118                __vector_34
                0x0000000000000118                __vector_24
                0x0000000000000118                __vector_12
                0x0000000000000118                __bad_interrupt
                0x0000000000000118                __vector_6
                0x0000000000000118                __vector_31
                0x0000000000000118                __vector_3
                0x0000000000000118                __vector_23
                0x0000000000000118                __vector_30
                0x0000000000000118                __vector_25
                0x0000000000000118                __vector_11
                0x0000000000000118                __vector_13
                0x0000000000000118                __vector_19
                0x0000000000000118                __vector_7
                0x0000000000000118                __vector_27
                0x0000000000000118                __vector_5
                0x0000000000000118                __vector_33
                0x0000000000000118                __vector_4
                0x0000000000000118                __vector_9
                0x0000000000000118                __vector_2
                0x0000000000000118                __vector_15
                0x0000000000000118                __vector_29
                0x0000000000000118                __vector_8
                0x0000000000000118                __vector_26
                0x0000000000000118                __vector_10
                0x0000000000000118                __vector_16
                0x0000000000000118                __vector_18
                0x0000000000000118                __vector_20
 .text          0x000000000000011c        0x0 ./src/main.o
 .text          0x000000000000011c        0x0 /home/defaultuser/Documents/niboLib304/lib/nibo2-m128-16/libnibo2_base.a(display.o)
 .text          0x000000000000011c        0x0 /home/defaultuser/Documents/niboLib304/lib/nibo2-m128-16/libnibo2_base.a(delay.o)
 .text          0x000000000000011c        0x0 /home/defaultuser/Documents/niboLib304/lib/nibo2-m128-16/libnibo2_base.a(spi.o)
 .text          0x000000000000011c        0x0 /home/defaultuser/Documents/niboLib304/lib/nibo2-m128-16/libnibo2_base.a(gfx.o)
 .text          0x000000000000011c        0x0 /home/defaultuser/Documents/niboLib304/lib/nibo2-m128-16/libnibo2_base.a(copro.o)
 .text          0x000000000000011c        0x0 /home/defaultuser/Documents/niboLib304/lib/nibo2-m128-16/libnibo2_base.a(bot.o)
 .text          0x000000000000011c        0x0 /home/defaultuser/Documents/niboLib304/lib/nibo2-m128-16/libnibo2_base.a(leds.o)
 .text          0x000000000000011c        0x0 /home/defaultuser/Documents/niboLib304/lib/nibo2-m128-16/libnibo2_base.a(pwm.o)
 .text          0x000000000000011c        0x0 /home/defaultuser/Documents/niboLib304/lib/nibo2-m128-16/libnibo2_base.a(analog.o)
 .text          0x000000000000011c        0x0 /usr/lib/gcc/avr/5.4.0/avr51/libgcc.a(_exit.o)
 .text          0x000000000000011c        0x0 /usr/lib/gcc/avr/5.4.0/avr51/libgcc.a(_tablejump2.o)
 .text          0x000000000000011c        0x0 /usr/lib/gcc/avr/5.4.0/avr51/libgcc.a(_copy_data.o)
 .text          0x000000000000011c        0x0 /usr/lib/gcc/avr/5.4.0/avr51/libgcc.a(_clear_bss.o)
 .text          0x000000000000011c        0x0 /usr/lib/gcc/avr/5.4.0/../../../avr/lib/avr51/libc.a(sprintf.o)
 .text          0x000000000000011c        0x0 /usr/lib/gcc/avr/5.4.0/../../../avr/lib/avr51/libc.a(vfprintf_std.o)
 .text          0x000000000000011c        0x0 /usr/lib/gcc/avr/5.4.0/../../../avr/lib/avr51/libc.a(strnlen_P.o)
 .text          0x000000000000011c        0x0 /usr/lib/gcc/avr/5.4.0/../../../avr/lib/avr51/libc.a(strnlen.o)
 .text          0x000000000000011c        0x0 /usr/lib/gcc/avr/5.4.0/../../../avr/lib/avr51/libc.a(fputc.o)
 .text          0x000000000000011c        0x0 /usr/lib/gcc/avr/5.4.0/../../../avr/lib/avr51/libc.a(ultoa_invert.o)
                0x000000000000011c                . = ALIGN (0x2)
 *(.text.*)
 .text.getDistanceColor
                0x000000000000011c       0x1e ./src/main.o
                0x000000000000011c                getDistanceColor
 .text.showDistance
                0x000000000000013a       0x5a ./src/main.o
                0x000000000000013a                showDistance
 .text.init     0x0000000000000194       0x1c ./src/main.o
                0x0000000000000194                init
 .text.startup.main
                0x00000000000001b0       0xb4 ./src/main.o
                0x00000000000001b0                main
 .text.display_write
                0x0000000000000264       0x8a /home/defaultuser/Documents/niboLib304/lib/nibo2-m128-16/libnibo2_base.a(display.o)
                0x0000000000000264                display_write
 .text.display_read
                0x00000000000002ee       0x84 /home/defaultuser/Documents/niboLib304/lib/nibo2-m128-16/libnibo2_base.a(display.o)
                0x00000000000002ee                display_read
 .text.display_wait
                0x0000000000000372       0x3c /home/defaultuser/Documents/niboLib304/lib/nibo2-m128-16/libnibo2_base.a(display.o)
                0x0000000000000372                display_wait
 .text.display_init
                0x00000000000003ae       0xde /home/defaultuser/Documents/niboLib304/lib/nibo2-m128-16/libnibo2_base.a(display.o)
                0x00000000000003ae                display_init
 .text.delay    0x000000000000048c       0x16 /home/defaultuser/Documents/niboLib304/lib/nibo2-m128-16/libnibo2_base.a(delay.o)
                0x000000000000048c                delay
 .text.spi_tx   0x00000000000004a2        0xe /home/defaultuser/Documents/niboLib304/lib/nibo2-m128-16/libnibo2_base.a(spi.o)
 .text.spi_restart_transmission
                0x00000000000004b0       0x36 /home/defaultuser/Documents/niboLib304/lib/nibo2-m128-16/libnibo2_base.a(spi.o)
                0x00000000000004b0                spi_restart_transmission
 .text.spi_init
                0x00000000000004e6        0xe /home/defaultuser/Documents/niboLib304/lib/nibo2-m128-16/libnibo2_base.a(spi.o)
                0x00000000000004e6                spi_init
 .text.__vector_17
                0x00000000000004f4      0x11a /home/defaultuser/Documents/niboLib304/lib/nibo2-m128-16/libnibo2_base.a(spi.o)
                0x00000000000004f4                __vector_17
 .text.gfx_store_disp_tile
                0x000000000000060e       0x94 /home/defaultuser/Documents/niboLib304/lib/nibo2-m128-16/libnibo2_base.a(gfx.o)
 .text.gfx_get_x
                0x00000000000006a2        0x6 /home/defaultuser/Documents/niboLib304/lib/nibo2-m128-16/libnibo2_base.a(gfx.o)
                0x00000000000006a2                gfx_get_x
 .text.gfx_get_y
                0x00000000000006a8        0x6 /home/defaultuser/Documents/niboLib304/lib/nibo2-m128-16/libnibo2_base.a(gfx.o)
                0x00000000000006a8                gfx_get_y
 .text.gfx_draw_mode
                0x00000000000006ae        0x6 /home/defaultuser/Documents/niboLib304/lib/nibo2-m128-16/libnibo2_base.a(gfx.o)
                0x00000000000006ae                gfx_draw_mode
 .text.gfx_move
                0x00000000000006b4       0x64 /home/defaultuser/Documents/niboLib304/lib/nibo2-m128-16/libnibo2_base.a(gfx.o)
                0x00000000000006b4                gfx_move
 .text.gfx_fill
                0x0000000000000718       0x70 /home/defaultuser/Documents/niboLib304/lib/nibo2-m128-16/libnibo2_base.a(gfx.o)
                0x0000000000000718                gfx_fill
 .text.gfx_display_write2
                0x0000000000000788       0x8c /home/defaultuser/Documents/niboLib304/lib/nibo2-m128-16/libnibo2_base.a(gfx.o)
                0x0000000000000788                gfx_display_write2
 .text.gfx_char_width
                0x0000000000000814       0x34 /home/defaultuser/Documents/niboLib304/lib/nibo2-m128-16/libnibo2_base.a(gfx.o)
                0x0000000000000814                gfx_char_width
 .text.gfx_print_char_base
                0x0000000000000848       0xf2 /home/defaultuser/Documents/niboLib304/lib/nibo2-m128-16/libnibo2_base.a(gfx.o)
                0x0000000000000848                gfx_print_char_base
 .text.gfx_print_char
                0x000000000000093a       0x4e /home/defaultuser/Documents/niboLib304/lib/nibo2-m128-16/libnibo2_base.a(gfx.o)
                0x000000000000093a                gfx_print_char
 .text.gfx_print_text
                0x0000000000000988       0x18 /home/defaultuser/Documents/niboLib304/lib/nibo2-m128-16/libnibo2_base.a(gfx.o)
                0x0000000000000988                gfx_print_text
 .text.gfx_text_width
                0x00000000000009a0       0x2a /home/defaultuser/Documents/niboLib304/lib/nibo2-m128-16/libnibo2_base.a(gfx.o)
                0x00000000000009a0                gfx_text_width
 .text.gfx_print_text_P
                0x00000000000009ca       0x22 /home/defaultuser/Documents/niboLib304/lib/nibo2-m128-16/libnibo2_base.a(gfx.o)
                0x00000000000009ca                gfx_print_text_P
 .text.gfx_text_width_P
                0x00000000000009ec       0x32 /home/defaultuser/Documents/niboLib304/lib/nibo2-m128-16/libnibo2_base.a(gfx.o)
                0x00000000000009ec                gfx_text_width_P
 .text.gfx_init
                0x0000000000000a1e       0x7e /home/defaultuser/Documents/niboLib304/lib/nibo2-m128-16/libnibo2_base.a(gfx.o)
                0x0000000000000a1e                gfx_init
 .text.gfx_set_proportional
                0x0000000000000a9c        0x6 /home/defaultuser/Documents/niboLib304/lib/nibo2-m128-16/libnibo2_base.a(gfx.o)
                0x0000000000000a9c                gfx_set_proportional
 .text.gfx_get_proportional
                0x0000000000000aa2        0x6 /home/defaultuser/Documents/niboLib304/lib/nibo2-m128-16/libnibo2_base.a(gfx.o)
                0x0000000000000aa2                gfx_get_proportional
 .text.gfx_hline
                0x0000000000000aa8       0x2c /home/defaultuser/Documents/niboLib304/lib/nibo2-m128-16/libnibo2_base.a(gfx.o)
                0x0000000000000aa8                gfx_hline
 .text.gfx_box  0x0000000000000ad4       0x9a /home/defaultuser/Documents/niboLib304/lib/nibo2-m128-16/libnibo2_base.a(gfx.o)
                0x0000000000000ad4                gfx_box
 .text.gfx_vline
                0x0000000000000b6e        0x8 /home/defaultuser/Documents/niboLib304/lib/nibo2-m128-16/libnibo2_base.a(gfx.o)
                0x0000000000000b6e                gfx_vline
 .text.gfx_draw_xbm
                0x0000000000000b76      0x14a /home/defaultuser/Documents/niboLib304/lib/nibo2-m128-16/libnibo2_base.a(gfx.o)
                0x0000000000000b76                gfx_draw_xbm
 .text.gfx_draw_xbm_P
                0x0000000000000cc0      0x146 /home/defaultuser/Documents/niboLib304/lib/nibo2-m128-16/libnibo2_base.a(gfx.o)
                0x0000000000000cc0                gfx_draw_xbm_P
 .text.gfx_pixel
                0x0000000000000e06       0x22 /home/defaultuser/Documents/niboLib304/lib/nibo2-m128-16/libnibo2_base.a(gfx.o)
                0x0000000000000e06                gfx_pixel
 .text.gfx_lineTo
                0x0000000000000e28      0x10e /home/defaultuser/Documents/niboLib304/lib/nibo2-m128-16/libnibo2_base.a(gfx.o)
                0x0000000000000e28                gfx_lineTo
 .text.gfx_term_clear
                0x0000000000000f36       0x10 /home/defaultuser/Documents/niboLib304/lib/nibo2-m128-16/libnibo2_base.a(gfx.o)
                0x0000000000000f36                gfx_term_clear
 .text.gfx_term_clearLine
                0x0000000000000f46       0x28 /home/defaultuser/Documents/niboLib304/lib/nibo2-m128-16/libnibo2_base.a(gfx.o)
                0x0000000000000f46                gfx_term_clearLine
 .text.gfx_term_goto
                0x0000000000000f6e       0x12 /home/defaultuser/Documents/niboLib304/lib/nibo2-m128-16/libnibo2_base.a(gfx.o)
                0x0000000000000f6e                gfx_term_goto
 .text.gfx_term_getCol
                0x0000000000000f80        0x6 /home/defaultuser/Documents/niboLib304/lib/nibo2-m128-16/libnibo2_base.a(gfx.o)
                0x0000000000000f80                gfx_term_getCol
 .text.gfx_term_getRow
                0x0000000000000f86        0x6 /home/defaultuser/Documents/niboLib304/lib/nibo2-m128-16/libnibo2_base.a(gfx.o)
                0x0000000000000f86                gfx_term_getRow
 .text.gfx_term_scroll
                0x0000000000000f8c      0x100 /home/defaultuser/Documents/niboLib304/lib/nibo2-m128-16/libnibo2_base.a(gfx.o)
                0x0000000000000f8c                gfx_term_scroll
 .text._gfx_term_write_char
                0x000000000000108c       0x74 /home/defaultuser/Documents/niboLib304/lib/nibo2-m128-16/libnibo2_base.a(gfx.o)
 .text.gfx_term_writec
                0x0000000000001100        0x8 /home/defaultuser/Documents/niboLib304/lib/nibo2-m128-16/libnibo2_base.a(gfx.o)
                0x0000000000001100                gfx_term_writec
 .text.gfx_term_write
                0x0000000000001108       0x2c /home/defaultuser/Documents/niboLib304/lib/nibo2-m128-16/libnibo2_base.a(gfx.o)
                0x0000000000001108                gfx_term_write
 .text.gfx_term_print
                0x0000000000001134       0x1c /home/defaultuser/Documents/niboLib304/lib/nibo2-m128-16/libnibo2_base.a(gfx.o)
                0x0000000000001134                gfx_term_print
 .text.gfx_term_print_P
                0x0000000000001150       0x22 /home/defaultuser/Documents/niboLib304/lib/nibo2-m128-16/libnibo2_base.a(gfx.o)
                0x0000000000001150                gfx_term_print_P
 .text.wait_copro
                0x0000000000001172       0x28 /home/defaultuser/Documents/niboLib304/lib/nibo2-m128-16/libnibo2_base.a(copro.o)
 .text.spi_finished_callback
                0x000000000000119a       0xa8 /home/defaultuser/Documents/niboLib304/lib/nibo2-m128-16/libnibo2_base.a(copro.o)
                0x000000000000119a                spi_finished_callback
 .text._copro_check_busy
                0x0000000000001242       0x1a /home/defaultuser/Documents/niboLib304/lib/nibo2-m128-16/libnibo2_base.a(copro.o)
                0x0000000000001242                _copro_check_busy
 .text.copro_update
                0x000000000000125c      0x154 /home/defaultuser/Documents/niboLib304/lib/nibo2-m128-16/libnibo2_base.a(copro.o)
                0x000000000000125c                copro_update
 .text.copro_stop
                0x00000000000013b0        0xc /home/defaultuser/Documents/niboLib304/lib/nibo2-m128-16/libnibo2_base.a(copro.o)
                0x00000000000013b0                copro_stop
 .text.copro_stopImmediate
                0x00000000000013bc        0xe /home/defaultuser/Documents/niboLib304/lib/nibo2-m128-16/libnibo2_base.a(copro.o)
                0x00000000000013bc                copro_stopImmediate
 .text.copro_setPWM
                0x00000000000013ca       0x18 /home/defaultuser/Documents/niboLib304/lib/nibo2-m128-16/libnibo2_base.a(copro.o)
                0x00000000000013ca                copro_setPWM
 .text.copro_setSpeed
                0x00000000000013e2       0x18 /home/defaultuser/Documents/niboLib304/lib/nibo2-m128-16/libnibo2_base.a(copro.o)
                0x00000000000013e2                copro_setSpeed
 .text.copro_setTargetAbs
                0x00000000000013fa       0x34 /home/defaultuser/Documents/niboLib304/lib/nibo2-m128-16/libnibo2_base.a(copro.o)
                0x00000000000013fa                copro_setTargetAbs
 .text.copro_setTargetRel
                0x000000000000142e       0x1c /home/defaultuser/Documents/niboLib304/lib/nibo2-m128-16/libnibo2_base.a(copro.o)
                0x000000000000142e                copro_setTargetRel
 .text.copro_setSpeedParameters
                0x000000000000144a       0x2e /home/defaultuser/Documents/niboLib304/lib/nibo2-m128-16/libnibo2_base.a(copro.o)
                0x000000000000144a                copro_setSpeedParameters
 .text.copro_setPositionParameters
                0x0000000000001478        0x4 /home/defaultuser/Documents/niboLib304/lib/nibo2-m128-16/libnibo2_base.a(copro.o)
                0x0000000000001478                copro_setPositionParameters
 .text.copro_resetOdometry
                0x000000000000147c       0x54 /home/defaultuser/Documents/niboLib304/lib/nibo2-m128-16/libnibo2_base.a(copro.o)
                0x000000000000147c                copro_resetOdometry
 .text.copro_ir_stop
                0x00000000000014d0       0x14 /home/defaultuser/Documents/niboLib304/lib/nibo2-m128-16/libnibo2_base.a(copro.o)
                0x00000000000014d0                copro_ir_stop
 .text.copro_ir_startMeasure
                0x00000000000014e4       0x14 /home/defaultuser/Documents/niboLib304/lib/nibo2-m128-16/libnibo2_base.a(copro.o)
                0x00000000000014e4                copro_ir_startMeasure
 .text.copro_transmitRC5
                0x00000000000014f8       0x26 /home/defaultuser/Documents/niboLib304/lib/nibo2-m128-16/libnibo2_base.a(copro.o)
                0x00000000000014f8                copro_transmitRC5
 .text.bot_init
                0x000000000000151e       0x34 /home/defaultuser/Documents/niboLib304/lib/nibo2-m128-16/libnibo2_base.a(bot.o)
                0x000000000000151e                bot_init
 .text.bot_update
                0x0000000000001552       0x12 /home/defaultuser/Documents/niboLib304/lib/nibo2-m128-16/libnibo2_base.a(bot.o)
                0x0000000000001552                bot_update
 .text.leds_init
                0x0000000000001564       0x10 /home/defaultuser/Documents/niboLib304/lib/nibo2-m128-16/libnibo2_base.a(leds.o)
                0x0000000000001564                leds_init
 .text.leds_set_status
                0x0000000000001574       0x48 /home/defaultuser/Documents/niboLib304/lib/nibo2-m128-16/libnibo2_base.a(leds.o)
                0x0000000000001574                leds_set_status
 .text.leds_set_status_intensity
                0x00000000000015bc        0xa /home/defaultuser/Documents/niboLib304/lib/nibo2-m128-16/libnibo2_base.a(leds.o)
                0x00000000000015bc                leds_set_status_intensity
 .text.leds_get_status_intensity
                0x00000000000015c6        0xa /home/defaultuser/Documents/niboLib304/lib/nibo2-m128-16/libnibo2_base.a(leds.o)
                0x00000000000015c6                leds_get_status_intensity
 .text.leds_set_headlights
                0x00000000000015d0        0xa /home/defaultuser/Documents/niboLib304/lib/nibo2-m128-16/libnibo2_base.a(leds.o)
                0x00000000000015d0                leds_set_headlights
 .text.leds_get_headlights
                0x00000000000015da        0xa /home/defaultuser/Documents/niboLib304/lib/nibo2-m128-16/libnibo2_base.a(leds.o)
                0x00000000000015da                leds_get_headlights
 .text.leds_set_displaylight
                0x00000000000015e4        0xa /home/defaultuser/Documents/niboLib304/lib/nibo2-m128-16/libnibo2_base.a(leds.o)
                0x00000000000015e4                leds_set_displaylight
 .text.leds_get_displaylight
                0x00000000000015ee        0xa /home/defaultuser/Documents/niboLib304/lib/nibo2-m128-16/libnibo2_base.a(leds.o)
                0x00000000000015ee                leds_get_displaylight
 .text.pwm_init
                0x00000000000015f8       0x64 /home/defaultuser/Documents/niboLib304/lib/nibo2-m128-16/libnibo2_base.a(pwm.o)
                0x00000000000015f8                pwm_init
 .text.__vector_14
                0x000000000000165c      0x12c /home/defaultuser/Documents/niboLib304/lib/nibo2-m128-16/libnibo2_base.a(pwm.o)
                0x000000000000165c                __vector_14
 .text.analog_init
                0x0000000000001788       0x10 /home/defaultuser/Documents/niboLib304/lib/nibo2-m128-16/libnibo2_base.a(analog.o)
                0x0000000000001788                analog_init
 .text.analog_end
                0x0000000000001798        0x4 /home/defaultuser/Documents/niboLib304/lib/nibo2-m128-16/libnibo2_base.a(analog.o)
                0x0000000000001798                analog_end
 .text.analog_getValue
                0x000000000000179c       0x18 /home/defaultuser/Documents/niboLib304/lib/nibo2-m128-16/libnibo2_base.a(analog.o)
                0x000000000000179c                analog_getValue
 .text.analog_getRandomSeed
                0x00000000000017b4       0x10 /home/defaultuser/Documents/niboLib304/lib/nibo2-m128-16/libnibo2_base.a(analog.o)
                0x00000000000017b4                analog_getRandomSeed
 .text.analog_wait_update
                0x00000000000017c4        0xe /home/defaultuser/Documents/niboLib304/lib/nibo2-m128-16/libnibo2_base.a(analog.o)
                0x00000000000017c4                analog_wait_update
 .text.analog_irq_hook
                0x00000000000017d2        0x2 /home/defaultuser/Documents/niboLib304/lib/nibo2-m128-16/libnibo2_base.a(analog.o)
                0x00000000000017d2                analog_irq_hook
 .text.__vector_21
                0x00000000000017d4      0x186 /home/defaultuser/Documents/niboLib304/lib/nibo2-m128-16/libnibo2_base.a(analog.o)
                0x00000000000017d4                __vector_21
 .text.libgcc.mul
                0x000000000000195a        0x0 /usr/lib/gcc/avr/5.4.0/avr51/libgcc.a(_exit.o)
 .text.libgcc.div
                0x000000000000195a        0x0 /usr/lib/gcc/avr/5.4.0/avr51/libgcc.a(_exit.o)
 .text.libgcc   0x000000000000195a        0x0 /usr/lib/gcc/avr/5.4.0/avr51/libgcc.a(_exit.o)
 .text.libgcc.prologue
                0x000000000000195a        0x0 /usr/lib/gcc/avr/5.4.0/avr51/libgcc.a(_exit.o)
 .text.libgcc.builtins
                0x000000000000195a        0x0 /usr/lib/gcc/avr/5.4.0/avr51/libgcc.a(_exit.o)
 .text.libgcc.fmul
                0x000000000000195a        0x0 /usr/lib/gcc/avr/5.4.0/avr51/libgcc.a(_exit.o)
 .text.libgcc.fixed
                0x000000000000195a        0x0 /usr/lib/gcc/avr/5.4.0/avr51/libgcc.a(_exit.o)
 .text.libgcc.mul
                0x000000000000195a        0x0 /usr/lib/gcc/avr/5.4.0/avr51/libgcc.a(_tablejump2.o)
 .text.libgcc.div
                0x000000000000195a        0x0 /usr/lib/gcc/avr/5.4.0/avr51/libgcc.a(_tablejump2.o)
 .text.libgcc   0x000000000000195a       0x12 /usr/lib/gcc/avr/5.4.0/avr51/libgcc.a(_tablejump2.o)
                0x000000000000195a                __tablejump2__
 .text.libgcc.prologue
                0x000000000000196c        0x0 /usr/lib/gcc/avr/5.4.0/avr51/libgcc.a(_tablejump2.o)
 .text.libgcc.builtins
                0x000000000000196c        0x0 /usr/lib/gcc/avr/5.4.0/avr51/libgcc.a(_tablejump2.o)
 .text.libgcc.fmul
                0x000000000000196c        0x0 /usr/lib/gcc/avr/5.4.0/avr51/libgcc.a(_tablejump2.o)
 .text.libgcc.fixed
                0x000000000000196c        0x0 /usr/lib/gcc/avr/5.4.0/avr51/libgcc.a(_tablejump2.o)
 .text.libgcc.mul
                0x000000000000196c        0x0 /usr/lib/gcc/avr/5.4.0/avr51/libgcc.a(_copy_data.o)
 .text.libgcc.div
                0x000000000000196c        0x0 /usr/lib/gcc/avr/5.4.0/avr51/libgcc.a(_copy_data.o)
 .text.libgcc   0x000000000000196c        0x0 /usr/lib/gcc/avr/5.4.0/avr51/libgcc.a(_copy_data.o)
 .text.libgcc.prologue
                0x000000000000196c        0x0 /usr/lib/gcc/avr/5.4.0/avr51/libgcc.a(_copy_data.o)
 .text.libgcc.builtins
                0x000000000000196c        0x0 /usr/lib/gcc/avr/5.4.0/avr51/libgcc.a(_copy_data.o)
 .text.libgcc.fmul
                0x000000000000196c        0x0 /usr/lib/gcc/avr/5.4.0/avr51/libgcc.a(_copy_data.o)
 .text.libgcc.fixed
                0x000000000000196c        0x0 /usr/lib/gcc/avr/5.4.0/avr51/libgcc.a(_copy_data.o)
 .text.libgcc.mul
                0x000000000000196c        0x0 /usr/lib/gcc/avr/5.4.0/avr51/libgcc.a(_clear_bss.o)
 .text.libgcc.div
                0x000000000000196c        0x0 /usr/lib/gcc/avr/5.4.0/avr51/libgcc.a(_clear_bss.o)
 .text.libgcc   0x000000000000196c        0x0 /usr/lib/gcc/avr/5.4.0/avr51/libgcc.a(_clear_bss.o)
 .text.libgcc.prologue
                0x000000000000196c        0x0 /usr/lib/gcc/avr/5.4.0/avr51/libgcc.a(_clear_bss.o)
 .text.libgcc.builtins
                0x000000000000196c        0x0 /usr/lib/gcc/avr/5.4.0/avr51/libgcc.a(_clear_bss.o)
 .text.libgcc.fmul
                0x000000000000196c        0x0 /usr/lib/gcc/avr/5.4.0/avr51/libgcc.a(_clear_bss.o)
 .text.libgcc.fixed
                0x000000000000196c        0x0 /usr/lib/gcc/avr/5.4.0/avr51/libgcc.a(_clear_bss.o)
 .text.avr-libc
                0x000000000000196c       0x5e /usr/lib/gcc/avr/5.4.0/../../../avr/lib/avr51/libc.a(sprintf.o)
                0x000000000000196c                sprintf
 .text.avr-libc
                0x00000000000019ca      0x414 /usr/lib/gcc/avr/5.4.0/../../../avr/lib/avr51/libc.a(vfprintf_std.o)
                0x00000000000019ca                vfprintf
 .text.avr-libc
                0x0000000000001dde       0x16 /usr/lib/gcc/avr/5.4.0/../../../avr/lib/avr51/libc.a(strnlen_P.o)
                0x0000000000001dde                strnlen_P
 .text.avr-libc
                0x0000000000001df4       0x16 /usr/lib/gcc/avr/5.4.0/../../../avr/lib/avr51/libc.a(strnlen.o)
                0x0000000000001df4                strnlen
 .text.avr-libc
                0x0000000000001e0a       0x78 /usr/lib/gcc/avr/5.4.0/../../../avr/lib/avr51/libc.a(fputc.o)
                0x0000000000001e0a                fputc
 .text.avr-libc
                0x0000000000001e82       0xbc /usr/lib/gcc/avr/5.4.0/../../../avr/lib/avr51/libc.a(ultoa_invert.o)
                0x0000000000001e82                __ultoa_invert
                0x0000000000001f3e                . = ALIGN (0x2)
 *(.fini9)
 .fini9         0x0000000000001f3e        0x0 /usr/lib/gcc/avr/5.4.0/avr51/libgcc.a(_exit.o)
                0x0000000000001f3e                exit
                0x0000000000001f3e                _exit
 *(.fini9)
 *(.fini8)
 *(.fini8)
 *(.fini7)
 *(.fini7)
 *(.fini6)
 *(.fini6)
 *(.fini5)
 *(.fini5)
 *(.fini4)
 *(.fini4)
 *(.fini3)
 *(.fini3)
 *(.fini2)
 *(.fini2)
 *(.fini1)
 *(.fini1)
 *(.fini0)
 .fini0         0x0000000000001f3e        0x4 /usr/lib/gcc/avr/5.4.0/avr51/libgcc.a(_exit.o)
 *(.fini0)
                0x0000000000001f42                _etext = .

.data           0x0000000000800100      0x24e load address 0x0000000000001f42
                0x0000000000800100                PROVIDE (__data_start, .)
 *(.data)
 .data          0x0000000000800100        0x0 /usr/lib/gcc/avr/5.4.0/../../../avr/lib/avr51/crtatmega128.o
 .data          0x0000000000800100        0x0 ./src/main.o
 .data          0x0000000000800100        0x0 /home/defaultuser/Documents/niboLib304/lib/nibo2-m128-16/libnibo2_base.a(display.o)
 .data          0x0000000000800100        0x0 /home/defaultuser/Documents/niboLib304/lib/nibo2-m128-16/libnibo2_base.a(delay.o)
 .data          0x0000000000800100        0x0 /home/defaultuser/Documents/niboLib304/lib/nibo2-m128-16/libnibo2_base.a(spi.o)
 .data          0x0000000000800100        0x0 /home/defaultuser/Documents/niboLib304/lib/nibo2-m128-16/libnibo2_base.a(gfx.o)
 .data          0x0000000000800100        0x0 /home/defaultuser/Documents/niboLib304/lib/nibo2-m128-16/libnibo2_base.a(copro.o)
 .data          0x0000000000800100        0x0 /home/defaultuser/Documents/niboLib304/lib/nibo2-m128-16/libnibo2_base.a(bot.o)
 .data          0x0000000000800100        0x0 /home/defaultuser/Documents/niboLib304/lib/nibo2-m128-16/libnibo2_base.a(leds.o)
 .data          0x0000000000800100        0x0 /home/defaultuser/Documents/niboLib304/lib/nibo2-m128-16/libnibo2_base.a(pwm.o)
 .data          0x0000000000800100        0x0 /home/defaultuser/Documents/niboLib304/lib/nibo2-m128-16/libnibo2_base.a(analog.o)
 .data          0x0000000000800100        0x0 /usr/lib/gcc/avr/5.4.0/avr51/libgcc.a(_exit.o)
 .data          0x0000000000800100        0x0 /usr/lib/gcc/avr/5.4.0/avr51/libgcc.a(_tablejump2.o)
 .data          0x0000000000800100        0x0 /usr/lib/gcc/avr/5.4.0/avr51/libgcc.a(_copy_data.o)
 .data          0x0000000000800100        0x0 /usr/lib/gcc/avr/5.4.0/avr51/libgcc.a(_clear_bss.o)
 .data          0x0000000000800100        0x0 /usr/lib/gcc/avr/5.4.0/../../../avr/lib/avr51/libc.a(sprintf.o)
 .data          0x0000000000800100        0x0 /usr/lib/gcc/avr/5.4.0/../../../avr/lib/avr51/libc.a(vfprintf_std.o)
 .data          0x0000000000800100        0x0 /usr/lib/gcc/avr/5.4.0/../../../avr/lib/avr51/libc.a(strnlen_P.o)
 .data          0x0000000000800100        0x0 /usr/lib/gcc/avr/5.4.0/../../../avr/lib/avr51/libc.a(strnlen.o)
 .data          0x0000000000800100        0x0 /usr/lib/gcc/avr/5.4.0/../../../avr/lib/avr51/libc.a(fputc.o)
 .data          0x0000000000800100        0x0 /usr/lib/gcc/avr/5.4.0/../../../avr/lib/avr51/libc.a(ultoa_invert.o)
 *(.data*)
 *(.gnu.linkonce.d*)
 *(.rodata)
 .rodata        0x0000000000800100      0x240 /home/defaultuser/Documents/niboLib304/lib/nibo2-m128-16/libnibo2_base.a(gfx.o)
                0x0000000000800100                fontTiles
 *(.rodata*)
 .rodata.str1.1
                0x0000000000800340        0xe ./src/main.o
 *(.gnu.linkonce.r*)
                0x000000000080034e                . = ALIGN (0x2)
                0x000000000080034e                _edata = .
                0x000000000080034e                PROVIDE (__data_end, .)

.bss            0x000000000080034e       0xda
                0x000000000080034e                PROVIDE (__bss_start, .)
 *(.bss)
 .bss           0x000000000080034e        0x0 /usr/lib/gcc/avr/5.4.0/../../../avr/lib/avr51/crtatmega128.o
 .bss           0x000000000080034e        0x0 ./src/main.o
 .bss           0x000000000080034e        0x0 /home/defaultuser/Documents/niboLib304/lib/nibo2-m128-16/libnibo2_base.a(display.o)
 .bss           0x000000000080034e        0x0 /home/defaultuser/Documents/niboLib304/lib/nibo2-m128-16/libnibo2_base.a(delay.o)
 .bss           0x000000000080034e        0x0 /home/defaultuser/Documents/niboLib304/lib/nibo2-m128-16/libnibo2_base.a(spi.o)
 .bss           0x000000000080034e        0x0 /home/defaultuser/Documents/niboLib304/lib/nibo2-m128-16/libnibo2_base.a(gfx.o)
 .bss           0x000000000080034e        0x0 /home/defaultuser/Documents/niboLib304/lib/nibo2-m128-16/libnibo2_base.a(copro.o)
 .bss           0x000000000080034e        0x0 /home/defaultuser/Documents/niboLib304/lib/nibo2-m128-16/libnibo2_base.a(bot.o)
 .bss           0x000000000080034e        0x0 /home/defaultuser/Documents/niboLib304/lib/nibo2-m128-16/libnibo2_base.a(leds.o)
 .bss           0x000000000080034e        0x0 /home/defaultuser/Documents/niboLib304/lib/nibo2-m128-16/libnibo2_base.a(pwm.o)
 .bss           0x000000000080034e        0x0 /home/defaultuser/Documents/niboLib304/lib/nibo2-m128-16/libnibo2_base.a(analog.o)
 .bss           0x000000000080034e        0x0 /usr/lib/gcc/avr/5.4.0/avr51/libgcc.a(_exit.o)
 .bss           0x000000000080034e        0x0 /usr/lib/gcc/avr/5.4.0/avr51/libgcc.a(_tablejump2.o)
 .bss           0x000000000080034e        0x0 /usr/lib/gcc/avr/5.4.0/avr51/libgcc.a(_copy_data.o)
 .bss           0x000000000080034e        0x0 /usr/lib/gcc/avr/5.4.0/avr51/libgcc.a(_clear_bss.o)
 .bss           0x000000000080034e        0x0 /usr/lib/gcc/avr/5.4.0/../../../avr/lib/avr51/libc.a(sprintf.o)
 .bss           0x000000000080034e        0x0 /usr/lib/gcc/avr/5.4.0/../../../avr/lib/avr51/libc.a(vfprintf_std.o)
 .bss           0x000000000080034e        0x0 /usr/lib/gcc/avr/5.4.0/../../../avr/lib/avr51/libc.a(strnlen_P.o)
 .bss           0x000000000080034e        0x0 /usr/lib/gcc/avr/5.4.0/../../../avr/lib/avr51/libc.a(strnlen.o)
 .bss           0x000000000080034e        0x0 /usr/lib/gcc/avr/5.4.0/../../../avr/lib/avr51/libc.a(fputc.o)
 .bss           0x000000000080034e        0x0 /usr/lib/gcc/avr/5.4.0/../../../avr/lib/avr51/libc.a(ultoa_invert.o)
 *(.bss*)
 *(COMMON)
 COMMON         0x000000000080034e        0x2 /home/defaultuser/Documents/niboLib304/lib/nibo2-m128-16/libnibo2_base.a(display.o)
                0x000000000080034e                _display_mode_inv
                0x000000000080034f                display_type
 COMMON         0x0000000000800350       0x3e /home/defaultuser/Documents/niboLib304/lib/nibo2-m128-16/libnibo2_base.a(spi.o)
                0x0000000000800350                spi_tx_buf
                0x000000000080036b                spi_rx_size
                0x000000000080036c                spi_err_cnt
                0x000000000080036d                spi_tx_size
                0x000000000080036e                spi_frame_cnt
                0x000000000080036f                spi_size
                0x0000000000800370                spi_rx_buf
                0x000000000080038b                spi_tx_chk
                0x000000000080038c                spi_pos
                0x000000000080038d                spi_rx_chk
 COMMON         0x000000000080038e        0xe /home/defaultuser/Documents/niboLib304/lib/nibo2-m128-16/libnibo2_base.a(gfx.o)
                0x000000000080038e                gfx_dm
                0x000000000080038f                gfx_term_row
                0x0000000000800390                gfx_proportional
                0x0000000000800391                gfx_x
                0x0000000000800392                gfx_tile
                0x000000000080039a                gfx_y
                0x000000000080039b                gfx_term_col
 COMMON         0x000000000080039c       0x5d /home/defaultuser/Documents/niboLib304/lib/nibo2-m128-16/libnibo2_base.a(copro.o)
                0x000000000080039c                copro_ticks_offset_r
                0x000000000080039e                copro_ticks_offset_l
                0x00000000008003a0                copro_current_l
                0x00000000008003a2                copro_commands
                0x00000000008003b7                copro_ticks_l
                0x00000000008003b9                copro_rc5_cmd
                0x00000000008003bb                copro_distance
                0x00000000008003c5                copro_pos_x
                0x00000000008003c9                copro_pos_ori
                0x00000000008003cd                copro_speed_r
                0x00000000008003cf                copro_ticks_r
                0x00000000008003d1                copro_pos_y
                0x00000000008003d5                copro_ir_mode
                0x00000000008003d6                copro_rc5_count
                0x00000000008003d7                copro_current_r
                0x00000000008003d9                copro_buffer
                0x00000000008003f4                copro_target_distance
                0x00000000008003f6                copro_seq
                0x00000000008003f7                copro_speed_l
 COMMON         0x00000000008003f9        0x2 /home/defaultuser/Documents/niboLib304/lib/nibo2-m128-16/libnibo2_base.a(bot.o)
                0x00000000008003f9                bot_supply
 COMMON         0x00000000008003fb        0xe /home/defaultuser/Documents/niboLib304/lib/nibo2-m128-16/libnibo2_base.a(pwm.o)
                0x00000000008003fb                pwm_channel_A
                0x00000000008003fd                pwm_channel_B
                0x00000000008003ff                pwm_timer_ms
                0x0000000000800401                pwm_channel_C
                0x0000000000800403                pwm_timer_sub
                0x0000000000800405                pwm_timer_sec
 COMMON         0x0000000000800409       0x1f /home/defaultuser/Documents/niboLib304/lib/nibo2-m128-16/libnibo2_base.a(analog.o)
                0x0000000000800409                analog_pos
                0x000000000080040a                analog_flags
                0x000000000080040b                analog_sample_id
                0x000000000080040c                analog_samples
                0x0000000000800426                analog_random_seed
                0x0000000000800428                PROVIDE (__bss_end, .)
                0x0000000000001f42                __data_load_start = LOADADDR (.data)
                0x0000000000002190                __data_load_end = (__data_load_start + SIZEOF (.data))

.noinit         0x0000000000800428        0x0
                [!provide]                        PROVIDE (__noinit_start, .)
 *(.noinit*)
                [!provide]                        PROVIDE (__noinit_end, .)
                0x0000000000800428                _end = .
                [!provide]                        PROVIDE (__heap_start, .)

.eeprom         0x0000000000810000        0x0
 *(.eeprom*)
                0x0000000000810000                __eeprom_end = .

.fuse
 *(.fuse)
 *(.lfuse)
 *(.hfuse)
 *(.efuse)

.lock
 *(.lock*)

.signature
 *(.signature*)

.user_signatures
 *(.user_signatures*)

.stab           0x0000000000000000      0x984
 *(.stab)
 .stab          0x0000000000000000      0x984 ./src/main.o

.stabstr        0x0000000000000000     0x120e
 *(.stabstr)
 .stabstr       0x0000000000000000     0x120e ./src/main.o

.stab.excl
 *(.stab.excl)

.stab.exclstr
 *(.stab.exclstr)

.stab.index
 *(.stab.index)

.stab.indexstr
 *(.stab.indexstr)

.comment        0x0000000000000000       0x11
 *(.comment)
 .comment       0x0000000000000000       0x11 ./src/main.o
                                         0x12 (size before relaxing)
 .comment       0x0000000000000011       0x12 /home/defaultuser/Documents/niboLib304/lib/nibo2-m128-16/libnibo2_base.a(display.o)
 .comment       0x0000000000000011       0x12 /home/defaultuser/Documents/niboLib304/lib/nibo2-m128-16/libnibo2_base.a(delay.o)
 .comment       0x0000000000000011       0x12 /home/defaultuser/Documents/niboLib304/lib/nibo2-m128-16/libnibo2_base.a(spi.o)
 .comment       0x0000000000000011       0x12 /home/defaultuser/Documents/niboLib304/lib/nibo2-m128-16/libnibo2_base.a(gfx.o)
 .comment       0x0000000000000011       0x12 /home/defaultuser/Documents/niboLib304/lib/nibo2-m128-16/libnibo2_base.a(copro.o)
 .comment       0x0000000000000011       0x12 /home/defaultuser/Documents/niboLib304/lib/nibo2-m128-16/libnibo2_base.a(bot.o)
 .comment       0x0000000000000011       0x12 /home/defaultuser/Documents/niboLib304/lib/nibo2-m128-16/libnibo2_base.a(leds.o)
 .comment       0x0000000000000011       0x12 /home/defaultuser/Documents/niboLib304/lib/nibo2-m128-16/libnibo2_base.a(pwm.o)
 .comment       0x0000000000000011       0x12 /home/defaultuser/Documents/niboLib304/lib/nibo2-m128-16/libnibo2_base.a(analog.o)
 .comment       0x0000000000000011       0x12 /usr/lib/gcc/avr/5.4.0/../../../avr/lib/avr51/libc.a(sprintf.o)
 .comment       0x0000000000000011       0x12 /usr/lib/gcc/avr/5.4.0/../../../avr/lib/avr51/libc.a(vfprintf_std.o)
 .comment       0x0000000000000011       0x12 /usr/lib/gcc/avr/5.4.0/../../../avr/lib/avr51/libc.a(fputc.o)

.note.gnu.avr.deviceinfo
                0x0000000000000000       0x3c
 .note.gnu.avr.deviceinfo
                0x0000000000000000       0x3c /usr/lib/gcc/avr/5.4.0/../../../avr/lib/avr51/crtatmega128.o

.note.gnu.build-id
 *(.note.gnu.build-id)

.debug
 *(.debug)

.line
 *(.line)

.debug_srcinfo
 *(.debug_srcinfo)

.debug_sfnames
 *(.debug_sfnames)

.debug_aranges
 *(.debug_aranges)

.debug_pubnames
 *(.debug_pubnames)

.debug_info     0x0000000000000000      0x780
 *(.debug_info .gnu.linkonce.wi.*)
 .debug_info    0x0000000000000000      0x780 /usr/lib/gcc/avr/5.4.0/../../../avr/lib/avr51/crtatmega128.o

.debug_abbrev   0x0000000000000000      0x718
 *(.debug_abbrev)
 .debug_abbrev  0x0000000000000000      0x718 /usr/lib/gcc/avr/5.4.0/../../../avr/lib/avr51/crtatmega128.o

.debug_line     0x0000000000000000       0x1a
 *(.debug_line .debug_line.* .debug_line_end)
 .debug_line    0x0000000000000000       0x1a /usr/lib/gcc/avr/5.4.0/../../../avr/lib/avr51/crtatmega128.o

.debug_frame
 *(.debug_frame)

.debug_str      0x0000000000000000      0x27d
 *(.debug_str)
 .debug_str     0x0000000000000000      0x27d /usr/lib/gcc/avr/5.4.0/../../../avr/lib/avr51/crtatmega128.o

.debug_loc
 *(.debug_loc)

.debug_macinfo
 *(.debug_macinfo)

.debug_weaknames
 *(.debug_weaknames)

.debug_funcnames
 *(.debug_funcnames)

.debug_typenames
 *(.debug_typenames)

.debug_varnames
 *(.debug_varnames)

.debug_pubtypes
 *(.debug_pubtypes)

.debug_ranges
 *(.debug_ranges)

.debug_macro
 *(.debug_macro)
OUTPUT(NiboLEDDistance.elf elf32-avr)
LOAD linker stubs
