Archive member included to satisfy reference by file (symbol)

/home/defaultuser/Documents/niboLib304/lib/nibo2-m128-16/libnibo2_base.a(display.o)
                              ./src/StopBeforeCrash.o (display_init)
/home/defaultuser/Documents/niboLib304/lib/nibo2-m128-16/libnibo2_base.a(delay.o)
                              ./src/n2switchS3.o (delay)
/home/defaultuser/Documents/niboLib304/lib/nibo2-m128-16/libnibo2_base.a(spi.o)
                              ./src/StopBeforeCrash.o (spi_init)
/home/defaultuser/Documents/niboLib304/lib/nibo2-m128-16/libnibo2_base.a(gfx.o)
                              ./src/StopBeforeCrash.o (gfx_move)
/home/defaultuser/Documents/niboLib304/lib/nibo2-m128-16/libnibo2_base.a(copro.o)
                              /home/defaultuser/Documents/niboLib304/lib/nibo2-m128-16/libnibo2_base.a(spi.o) (spi_finished_callback)
/home/defaultuser/Documents/niboLib304/lib/nibo2-m128-16/libnibo2_base.a(bot.o)
                              ./src/StopBeforeCrash.o (bot_init)
/home/defaultuser/Documents/niboLib304/lib/nibo2-m128-16/libnibo2_base.a(leds.o)
                              ./src/StopBeforeCrash.o (leds_init)
/home/defaultuser/Documents/niboLib304/lib/nibo2-m128-16/libnibo2_base.a(pwm.o)
                              /home/defaultuser/Documents/niboLib304/lib/nibo2-m128-16/libnibo2_base.a(leds.o) (pwm_channel_A)
/home/defaultuser/Documents/niboLib304/lib/nibo2-m128-16/libnibo2_base.a(analog.o)
                              /home/defaultuser/Documents/niboLib304/lib/nibo2-m128-16/libnibo2_base.a(bot.o) (analog_init)
/usr/lib/gcc/avr/5.4.0/../../../avr/lib/avr51/libm.a(divsf3.o)
                              ./src/StopBeforeCrash.o (__divsf3)
/usr/lib/gcc/avr/5.4.0/../../../avr/lib/avr51/libm.a(divsf3x.o)
                              /usr/lib/gcc/avr/5.4.0/../../../avr/lib/avr51/libm.a(divsf3.o) (__divsf3x)
/usr/lib/gcc/avr/5.4.0/../../../avr/lib/avr51/libm.a(fixsfsi.o)
                              ./src/StopBeforeCrash.o (__fixsfsi)
/usr/lib/gcc/avr/5.4.0/../../../avr/lib/avr51/libm.a(fixunssfsi.o)
                              /usr/lib/gcc/avr/5.4.0/../../../avr/lib/avr51/libm.a(fixsfsi.o) (__fixunssfsi)
/usr/lib/gcc/avr/5.4.0/../../../avr/lib/avr51/libm.a(floatsisf.o)
                              ./src/StopBeforeCrash.o (__floatsisf)
/usr/lib/gcc/avr/5.4.0/../../../avr/lib/avr51/libm.a(fp_inf.o)
                              /usr/lib/gcc/avr/5.4.0/../../../avr/lib/avr51/libm.a(divsf3x.o) (__fp_inf)
/usr/lib/gcc/avr/5.4.0/../../../avr/lib/avr51/libm.a(fp_nan.o)
                              /usr/lib/gcc/avr/5.4.0/../../../avr/lib/avr51/libm.a(divsf3x.o) (__fp_nan)
/usr/lib/gcc/avr/5.4.0/../../../avr/lib/avr51/libm.a(fp_pscA.o)
                              /usr/lib/gcc/avr/5.4.0/../../../avr/lib/avr51/libm.a(divsf3x.o) (__fp_pscA)
/usr/lib/gcc/avr/5.4.0/../../../avr/lib/avr51/libm.a(fp_pscB.o)
                              /usr/lib/gcc/avr/5.4.0/../../../avr/lib/avr51/libm.a(divsf3x.o) (__fp_pscB)
/usr/lib/gcc/avr/5.4.0/../../../avr/lib/avr51/libm.a(fp_round.o)
                              /usr/lib/gcc/avr/5.4.0/../../../avr/lib/avr51/libm.a(divsf3.o) (__fp_round)
/usr/lib/gcc/avr/5.4.0/../../../avr/lib/avr51/libm.a(fp_split3.o)
                              /usr/lib/gcc/avr/5.4.0/../../../avr/lib/avr51/libm.a(divsf3x.o) (__fp_split3)
/usr/lib/gcc/avr/5.4.0/../../../avr/lib/avr51/libm.a(fp_zero.o)
                              /usr/lib/gcc/avr/5.4.0/../../../avr/lib/avr51/libm.a(fixunssfsi.o) (__fp_zero)
/usr/lib/gcc/avr/5.4.0/../../../avr/lib/avr51/libm.a(mulsf3.o)
                              ./src/StopBeforeCrash.o (__mulsf3)
/usr/lib/gcc/avr/5.4.0/../../../avr/lib/avr51/libm.a(mulsf3x.o)
                              /usr/lib/gcc/avr/5.4.0/../../../avr/lib/avr51/libm.a(mulsf3.o) (__mulsf3x)
/usr/lib/gcc/avr/5.4.0/avr51/libgcc.a(_exit.o)
                              /usr/lib/gcc/avr/5.4.0/../../../avr/lib/avr51/crtatmega128.o (exit)
/usr/lib/gcc/avr/5.4.0/avr51/libgcc.a(_tablejump2.o)
                              /home/defaultuser/Documents/niboLib304/lib/nibo2-m128-16/libnibo2_base.a(analog.o) (__tablejump2__)
/usr/lib/gcc/avr/5.4.0/avr51/libgcc.a(_copy_data.o)
                              ./src/StopBeforeCrash.o (__do_copy_data)
/usr/lib/gcc/avr/5.4.0/avr51/libgcc.a(_clear_bss.o)
                              /home/defaultuser/Documents/niboLib304/lib/nibo2-m128-16/libnibo2_base.a(display.o) (__do_clear_bss)
/usr/lib/gcc/avr/5.4.0/../../../avr/lib/avr51/libc.a(sprintf.o)
                              ./src/StopBeforeCrash.o (sprintf)
/usr/lib/gcc/avr/5.4.0/../../../avr/lib/avr51/libc.a(vfprintf_std.o)
                              /usr/lib/gcc/avr/5.4.0/../../../avr/lib/avr51/libc.a(sprintf.o) (vfprintf)
/usr/lib/gcc/avr/5.4.0/../../../avr/lib/avr51/libc.a(strnlen_P.o)
                              /usr/lib/gcc/avr/5.4.0/../../../avr/lib/avr51/libc.a(vfprintf_std.o) (strnlen_P)
/usr/lib/gcc/avr/5.4.0/../../../avr/lib/avr51/libc.a(strnlen.o)
                              /usr/lib/gcc/avr/5.4.0/../../../avr/lib/avr51/libc.a(vfprintf_std.o) (strnlen)
/usr/lib/gcc/avr/5.4.0/../../../avr/lib/avr51/libc.a(fputc.o)
                              /usr/lib/gcc/avr/5.4.0/../../../avr/lib/avr51/libc.a(vfprintf_std.o) (fputc)
/usr/lib/gcc/avr/5.4.0/../../../avr/lib/avr51/libc.a(ultoa_invert.o)
                              /usr/lib/gcc/avr/5.4.0/../../../avr/lib/avr51/libc.a(vfprintf_std.o) (__ultoa_invert)

Allocating common symbols
Common symbol       size              file

copro_ticks_offset_r
                    0x2               /home/defaultuser/Documents/niboLib304/lib/nibo2-m128-16/libnibo2_base.a(copro.o)
_display_mode_inv   0x1               /home/defaultuser/Documents/niboLib304/lib/nibo2-m128-16/libnibo2_base.a(display.o)
copro_ticks_offset_l
                    0x2               /home/defaultuser/Documents/niboLib304/lib/nibo2-m128-16/libnibo2_base.a(copro.o)
copro_current_l     0x2               /home/defaultuser/Documents/niboLib304/lib/nibo2-m128-16/libnibo2_base.a(copro.o)
gfx_dm              0x1               /home/defaultuser/Documents/niboLib304/lib/nibo2-m128-16/libnibo2_base.a(gfx.o)
analog_pos          0x1               /home/defaultuser/Documents/niboLib304/lib/nibo2-m128-16/libnibo2_base.a(analog.o)
spi_tx_buf          0x1b              /home/defaultuser/Documents/niboLib304/lib/nibo2-m128-16/libnibo2_base.a(spi.o)
copro_commands      0x15              /home/defaultuser/Documents/niboLib304/lib/nibo2-m128-16/libnibo2_base.a(copro.o)
spi_rx_size         0x1               /home/defaultuser/Documents/niboLib304/lib/nibo2-m128-16/libnibo2_base.a(spi.o)
copro_ticks_l       0x2               /home/defaultuser/Documents/niboLib304/lib/nibo2-m128-16/libnibo2_base.a(copro.o)
analog_flags        0x1               /home/defaultuser/Documents/niboLib304/lib/nibo2-m128-16/libnibo2_base.a(analog.o)
copro_rc5_cmd       0x2               /home/defaultuser/Documents/niboLib304/lib/nibo2-m128-16/libnibo2_base.a(copro.o)
pwm_channel_A       0x2               /home/defaultuser/Documents/niboLib304/lib/nibo2-m128-16/libnibo2_base.a(pwm.o)
copro_distance      0xa               /home/defaultuser/Documents/niboLib304/lib/nibo2-m128-16/libnibo2_base.a(copro.o)
spi_err_cnt         0x1               /home/defaultuser/Documents/niboLib304/lib/nibo2-m128-16/libnibo2_base.a(spi.o)
copro_pos_x         0x4               /home/defaultuser/Documents/niboLib304/lib/nibo2-m128-16/libnibo2_base.a(copro.o)
copro_pos_ori       0x4               /home/defaultuser/Documents/niboLib304/lib/nibo2-m128-16/libnibo2_base.a(copro.o)
copro_speed_r       0x2               /home/defaultuser/Documents/niboLib304/lib/nibo2-m128-16/libnibo2_base.a(copro.o)
pwm_channel_B       0x2               /home/defaultuser/Documents/niboLib304/lib/nibo2-m128-16/libnibo2_base.a(pwm.o)
analog_sample_id    0x1               /home/defaultuser/Documents/niboLib304/lib/nibo2-m128-16/libnibo2_base.a(analog.o)
pwm_timer_ms        0x2               /home/defaultuser/Documents/niboLib304/lib/nibo2-m128-16/libnibo2_base.a(pwm.o)
analog_samples      0x1a              /home/defaultuser/Documents/niboLib304/lib/nibo2-m128-16/libnibo2_base.a(analog.o)
spi_tx_size         0x1               /home/defaultuser/Documents/niboLib304/lib/nibo2-m128-16/libnibo2_base.a(spi.o)
gfx_term_row        0x1               /home/defaultuser/Documents/niboLib304/lib/nibo2-m128-16/libnibo2_base.a(gfx.o)
gfx_proportional    0x1               /home/defaultuser/Documents/niboLib304/lib/nibo2-m128-16/libnibo2_base.a(gfx.o)
copro_ticks_r       0x2               /home/defaultuser/Documents/niboLib304/lib/nibo2-m128-16/libnibo2_base.a(copro.o)
copro_pos_y         0x4               /home/defaultuser/Documents/niboLib304/lib/nibo2-m128-16/libnibo2_base.a(copro.o)
analog_random_seed  0x2               /home/defaultuser/Documents/niboLib304/lib/nibo2-m128-16/libnibo2_base.a(analog.o)
bot_supply          0x2               /home/defaultuser/Documents/niboLib304/lib/nibo2-m128-16/libnibo2_base.a(bot.o)
spi_frame_cnt       0x1               /home/defaultuser/Documents/niboLib304/lib/nibo2-m128-16/libnibo2_base.a(spi.o)
copro_ir_mode       0x1               /home/defaultuser/Documents/niboLib304/lib/nibo2-m128-16/libnibo2_base.a(copro.o)
spi_size            0x1               /home/defaultuser/Documents/niboLib304/lib/nibo2-m128-16/libnibo2_base.a(spi.o)
copro_rc5_count     0x1               /home/defaultuser/Documents/niboLib304/lib/nibo2-m128-16/libnibo2_base.a(copro.o)
display_type        0x1               /home/defaultuser/Documents/niboLib304/lib/nibo2-m128-16/libnibo2_base.a(display.o)
gfx_x               0x1               /home/defaultuser/Documents/niboLib304/lib/nibo2-m128-16/libnibo2_base.a(gfx.o)
copro_current_r     0x2               /home/defaultuser/Documents/niboLib304/lib/nibo2-m128-16/libnibo2_base.a(copro.o)
copro_buffer        0x1b              /home/defaultuser/Documents/niboLib304/lib/nibo2-m128-16/libnibo2_base.a(copro.o)
spi_rx_buf          0x1b              /home/defaultuser/Documents/niboLib304/lib/nibo2-m128-16/libnibo2_base.a(spi.o)
gfx_tile            0x8               /home/defaultuser/Documents/niboLib304/lib/nibo2-m128-16/libnibo2_base.a(gfx.o)
pwm_channel_C       0x2               /home/defaultuser/Documents/niboLib304/lib/nibo2-m128-16/libnibo2_base.a(pwm.o)
spi_tx_chk          0x1               /home/defaultuser/Documents/niboLib304/lib/nibo2-m128-16/libnibo2_base.a(spi.o)
pwm_timer_sub       0x2               /home/defaultuser/Documents/niboLib304/lib/nibo2-m128-16/libnibo2_base.a(pwm.o)
pwm_timer_sec       0x4               /home/defaultuser/Documents/niboLib304/lib/nibo2-m128-16/libnibo2_base.a(pwm.o)
spi_pos             0x1               /home/defaultuser/Documents/niboLib304/lib/nibo2-m128-16/libnibo2_base.a(spi.o)
gfx_y               0x1               /home/defaultuser/Documents/niboLib304/lib/nibo2-m128-16/libnibo2_base.a(gfx.o)
copro_target_distance
                    0x2               /home/defaultuser/Documents/niboLib304/lib/nibo2-m128-16/libnibo2_base.a(copro.o)
spi_rx_chk          0x1               /home/defaultuser/Documents/niboLib304/lib/nibo2-m128-16/libnibo2_base.a(spi.o)
gfx_term_col        0x1               /home/defaultuser/Documents/niboLib304/lib/nibo2-m128-16/libnibo2_base.a(gfx.o)
copro_seq           0x1               /home/defaultuser/Documents/niboLib304/lib/nibo2-m128-16/libnibo2_base.a(copro.o)
copro_speed_l       0x2               /home/defaultuser/Documents/niboLib304/lib/nibo2-m128-16/libnibo2_base.a(copro.o)

Memory Configuration

Name             Origin             Length             Attributes
text             0x0000000000000000 0x0000000000020000 xr
data             0x0000000000800100 0x000000000000ff00 rw !x
eeprom           0x0000000000810000 0x0000000000010000 rw !x
fuse             0x0000000000820000 0x0000000000000003 rw !x
lock             0x0000000000830000 0x0000000000000400 rw !x
signature        0x0000000000840000 0x0000000000000400 rw !x
user_signatures  0x0000000000850000 0x0000000000000400 rw !x
*default*        0x0000000000000000 0xffffffffffffffff

Linker script and memory map

Address of section .data set to 0x800100
LOAD /usr/lib/gcc/avr/5.4.0/../../../avr/lib/avr51/crtatmega128.o
LOAD ./src/StopBeforeCrash.o
LOAD ./src/n2switchS3.o
LOAD /home/defaultuser/Documents/niboLib304/lib/nibo2-m128-16/libnibo2_nds3.a
LOAD /home/defaultuser/Documents/niboLib304/lib/nibo2-m128-16/libnibo2_base.a
LOAD /home/defaultuser/Documents/niboLib304/lib/nibo2-m128-16/libnibo2_class.a
LOAD /usr/lib/gcc/avr/5.4.0/../../../avr/lib/avr51/libprintf_flt.a
LOAD /usr/lib/gcc/avr/5.4.0/../../../avr/lib/avr51/libm.a
LOAD /home/defaultuser/Documents/niboLib304/lib/nibo2-m128-16/libnibo2_uart-0.a
START GROUP
LOAD /usr/lib/gcc/avr/5.4.0/avr51/libgcc.a
LOAD /usr/lib/gcc/avr/5.4.0/../../../avr/lib/avr51/libm.a
LOAD /usr/lib/gcc/avr/5.4.0/../../../avr/lib/avr51/libc.a
LOAD /usr/lib/gcc/avr/5.4.0/../../../avr/lib/avr51/libatmega128.a
END GROUP
                0x0000000000020000                __TEXT_REGION_LENGTH__ = DEFINED (__TEXT_REGION_LENGTH__)?__TEXT_REGION_LENGTH__:0x20000
                0x000000000000ff00                __DATA_REGION_LENGTH__ = DEFINED (__DATA_REGION_LENGTH__)?__DATA_REGION_LENGTH__:0xff00
                0x0000000000010000                __EEPROM_REGION_LENGTH__ = DEFINED (__EEPROM_REGION_LENGTH__)?__EEPROM_REGION_LENGTH__:0x10000
                [0x0000000000000003]                __FUSE_REGION_LENGTH__ = DEFINED (__FUSE_REGION_LENGTH__)?__FUSE_REGION_LENGTH__:0x400
                0x0000000000000400                __LOCK_REGION_LENGTH__ = DEFINED (__LOCK_REGION_LENGTH__)?__LOCK_REGION_LENGTH__:0x400
                0x0000000000000400                __SIGNATURE_REGION_LENGTH__ = DEFINED (__SIGNATURE_REGION_LENGTH__)?__SIGNATURE_REGION_LENGTH__:0x400
                0x0000000000000400                __USER_SIGNATURE_REGION_LENGTH__ = DEFINED (__USER_SIGNATURE_REGION_LENGTH__)?__USER_SIGNATURE_REGION_LENGTH__:0x400

.hash
 *(.hash)

.dynsym
 *(.dynsym)

.dynstr
 *(.dynstr)

.gnu.version
 *(.gnu.version)

.gnu.version_d
 *(.gnu.version_d)

.gnu.version_r
 *(.gnu.version_r)

.rel.init
 *(.rel.init)

.rela.init
 *(.rela.init)

.rel.text
 *(.rel.text)
 *(.rel.text.*)
 *(.rel.gnu.linkonce.t*)

.rela.text
 *(.rela.text)
 *(.rela.text.*)
 *(.rela.gnu.linkonce.t*)

.rel.fini
 *(.rel.fini)

.rela.fini
 *(.rela.fini)

.rel.rodata
 *(.rel.rodata)
 *(.rel.rodata.*)
 *(.rel.gnu.linkonce.r*)

.rela.rodata
 *(.rela.rodata)
 *(.rela.rodata.*)
 *(.rela.gnu.linkonce.r*)

.rel.data
 *(.rel.data)
 *(.rel.data.*)
 *(.rel.gnu.linkonce.d*)

.rela.data
 *(.rela.data)
 *(.rela.data.*)
 *(.rela.gnu.linkonce.d*)

.rel.ctors
 *(.rel.ctors)

.rela.ctors
 *(.rela.ctors)

.rel.dtors
 *(.rel.dtors)

.rela.dtors
 *(.rela.dtors)

.rel.got
 *(.rel.got)

.rela.got
 *(.rela.got)

.rel.bss
 *(.rel.bss)

.rela.bss
 *(.rela.bss)

.rel.plt
 *(.rel.plt)

.rela.plt
 *(.rela.plt)

.text           0x0000000000000000     0x22d0
 *(.vectors)
 .vectors       0x0000000000000000       0x8c /usr/lib/gcc/avr/5.4.0/../../../avr/lib/avr51/crtatmega128.o
                0x0000000000000000                __vectors
                0x0000000000000000                __vector_default
 *(.vectors)
 *(.progmem.gcc*)
 .progmem.gcc_sw_table.__vector_21
                0x000000000000008c       0x34 /home/defaultuser/Documents/niboLib304/lib/nibo2-m128-16/libnibo2_base.a(analog.o)
                0x00000000000000c0                . = ALIGN (0x2)
                0x00000000000000c0                __trampolines_start = .
 *(.trampolines)
 .trampolines   0x00000000000000c0        0x0 linker stubs
 *(.trampolines*)
                0x00000000000000c0                __trampolines_end = .
 *libprintf_flt.a:*(.progmem.data)
 *libc.a:*(.progmem.data)
 *(.progmem*)
 .progmem.data  0x00000000000000c0       0x1a /home/defaultuser/Documents/niboLib304/lib/nibo2-m128-16/libnibo2_base.a(bot.o)
                0x00000000000000c0                bot_lib_version
                0x00000000000000c4                bot_lib_revision
                0x00000000000000da                . = ALIGN (0x2)
 *(.jumptables)
 *(.jumptables*)
 *(.lowtext)
 *(.lowtext*)
                0x00000000000000da                __ctors_start = .
 *(.ctors)
                0x00000000000000da                __ctors_end = .
                0x00000000000000da                __dtors_start = .
 *(.dtors)
                0x00000000000000da                __dtors_end = .
 SORT(*)(.ctors)
 SORT(*)(.dtors)
 *(.init0)
 .init0         0x00000000000000da        0x0 /usr/lib/gcc/avr/5.4.0/../../../avr/lib/avr51/crtatmega128.o
                0x00000000000000da                __init
 *(.init0)
 *(.init1)
 *(.init1)
 *(.init2)
 .init2         0x00000000000000da        0xc /usr/lib/gcc/avr/5.4.0/../../../avr/lib/avr51/crtatmega128.o
 *(.init2)
 *(.init3)
 *(.init3)
 *(.init4)
 .init4         0x00000000000000e6       0x1a /usr/lib/gcc/avr/5.4.0/avr51/libgcc.a(_copy_data.o)
                0x00000000000000e6                __do_copy_data
 .init4         0x0000000000000100       0x10 /usr/lib/gcc/avr/5.4.0/avr51/libgcc.a(_clear_bss.o)
                0x0000000000000100                __do_clear_bss
 *(.init4)
 *(.init5)
 *(.init5)
 *(.init6)
 *(.init6)
 *(.init7)
 *(.init7)
 *(.init8)
 *(.init8)
 *(.init9)
 .init9         0x0000000000000110        0x8 /usr/lib/gcc/avr/5.4.0/../../../avr/lib/avr51/crtatmega128.o
 *(.init9)
 *(.text)
 .text          0x0000000000000118        0x4 /usr/lib/gcc/avr/5.4.0/../../../avr/lib/avr51/crtatmega128.o
                0x0000000000000118                __vector_22
                0x0000000000000118                __vector_28
                0x0000000000000118                __vector_1
                0x0000000000000118                __vector_32
                0x0000000000000118                __vector_34
                0x0000000000000118                __vector_24
                0x0000000000000118                __vector_12
                0x0000000000000118                __bad_interrupt
                0x0000000000000118                __vector_6
                0x0000000000000118                __vector_31
                0x0000000000000118                __vector_3
                0x0000000000000118                __vector_23
                0x0000000000000118                __vector_30
                0x0000000000000118                __vector_25
                0x0000000000000118                __vector_11
                0x0000000000000118                __vector_13
                0x0000000000000118                __vector_19
                0x0000000000000118                __vector_7
                0x0000000000000118                __vector_27
                0x0000000000000118                __vector_5
                0x0000000000000118                __vector_33
                0x0000000000000118                __vector_4
                0x0000000000000118                __vector_9
                0x0000000000000118                __vector_2
                0x0000000000000118                __vector_15
                0x0000000000000118                __vector_29
                0x0000000000000118                __vector_8
                0x0000000000000118                __vector_26
                0x0000000000000118                __vector_10
                0x0000000000000118                __vector_16
                0x0000000000000118                __vector_18
                0x0000000000000118                __vector_20
 .text          0x000000000000011c        0x0 ./src/StopBeforeCrash.o
 .text          0x000000000000011c        0x0 ./src/n2switchS3.o
 .text          0x000000000000011c        0x0 /home/defaultuser/Documents/niboLib304/lib/nibo2-m128-16/libnibo2_base.a(display.o)
 .text          0x000000000000011c        0x0 /home/defaultuser/Documents/niboLib304/lib/nibo2-m128-16/libnibo2_base.a(delay.o)
 .text          0x000000000000011c        0x0 /home/defaultuser/Documents/niboLib304/lib/nibo2-m128-16/libnibo2_base.a(spi.o)
 .text          0x000000000000011c        0x0 /home/defaultuser/Documents/niboLib304/lib/nibo2-m128-16/libnibo2_base.a(gfx.o)
 .text          0x000000000000011c        0x0 /home/defaultuser/Documents/niboLib304/lib/nibo2-m128-16/libnibo2_base.a(copro.o)
 .text          0x000000000000011c        0x0 /home/defaultuser/Documents/niboLib304/lib/nibo2-m128-16/libnibo2_base.a(bot.o)
 .text          0x000000000000011c        0x0 /home/defaultuser/Documents/niboLib304/lib/nibo2-m128-16/libnibo2_base.a(leds.o)
 .text          0x000000000000011c        0x0 /home/defaultuser/Documents/niboLib304/lib/nibo2-m128-16/libnibo2_base.a(pwm.o)
 .text          0x000000000000011c        0x0 /home/defaultuser/Documents/niboLib304/lib/nibo2-m128-16/libnibo2_base.a(analog.o)
 .text          0x000000000000011c        0x0 /usr/lib/gcc/avr/5.4.0/../../../avr/lib/avr51/libm.a(divsf3.o)
 .text          0x000000000000011c        0x0 /usr/lib/gcc/avr/5.4.0/../../../avr/lib/avr51/libm.a(divsf3x.o)
 .text          0x000000000000011c        0x0 /usr/lib/gcc/avr/5.4.0/../../../avr/lib/avr51/libm.a(fixsfsi.o)
 .text          0x000000000000011c        0x0 /usr/lib/gcc/avr/5.4.0/../../../avr/lib/avr51/libm.a(fixunssfsi.o)
 .text          0x000000000000011c        0x0 /usr/lib/gcc/avr/5.4.0/../../../avr/lib/avr51/libm.a(floatsisf.o)
 .text          0x000000000000011c        0x0 /usr/lib/gcc/avr/5.4.0/../../../avr/lib/avr51/libm.a(fp_inf.o)
 .text          0x000000000000011c        0x0 /usr/lib/gcc/avr/5.4.0/../../../avr/lib/avr51/libm.a(fp_nan.o)
 .text          0x000000000000011c        0x0 /usr/lib/gcc/avr/5.4.0/../../../avr/lib/avr51/libm.a(fp_pscA.o)
 .text          0x000000000000011c        0x0 /usr/lib/gcc/avr/5.4.0/../../../avr/lib/avr51/libm.a(fp_pscB.o)
 .text          0x000000000000011c        0x0 /usr/lib/gcc/avr/5.4.0/../../../avr/lib/avr51/libm.a(fp_round.o)
 .text          0x000000000000011c        0x0 /usr/lib/gcc/avr/5.4.0/../../../avr/lib/avr51/libm.a(fp_split3.o)
 .text          0x000000000000011c        0x0 /usr/lib/gcc/avr/5.4.0/../../../avr/lib/avr51/libm.a(fp_zero.o)
 .text          0x000000000000011c        0x0 /usr/lib/gcc/avr/5.4.0/../../../avr/lib/avr51/libm.a(mulsf3.o)
 .text          0x000000000000011c        0x0 /usr/lib/gcc/avr/5.4.0/../../../avr/lib/avr51/libm.a(mulsf3x.o)
 .text          0x000000000000011c        0x0 /usr/lib/gcc/avr/5.4.0/avr51/libgcc.a(_exit.o)
 .text          0x000000000000011c        0x0 /usr/lib/gcc/avr/5.4.0/avr51/libgcc.a(_tablejump2.o)
 .text          0x000000000000011c        0x0 /usr/lib/gcc/avr/5.4.0/avr51/libgcc.a(_copy_data.o)
 .text          0x000000000000011c        0x0 /usr/lib/gcc/avr/5.4.0/avr51/libgcc.a(_clear_bss.o)
 .text          0x000000000000011c        0x0 /usr/lib/gcc/avr/5.4.0/../../../avr/lib/avr51/libc.a(sprintf.o)
 .text          0x000000000000011c        0x0 /usr/lib/gcc/avr/5.4.0/../../../avr/lib/avr51/libc.a(vfprintf_std.o)
 .text          0x000000000000011c        0x0 /usr/lib/gcc/avr/5.4.0/../../../avr/lib/avr51/libc.a(strnlen_P.o)
 .text          0x000000000000011c        0x0 /usr/lib/gcc/avr/5.4.0/../../../avr/lib/avr51/libc.a(strnlen.o)
 .text          0x000000000000011c        0x0 /usr/lib/gcc/avr/5.4.0/../../../avr/lib/avr51/libc.a(fputc.o)
 .text          0x000000000000011c        0x0 /usr/lib/gcc/avr/5.4.0/../../../avr/lib/avr51/libc.a(ultoa_invert.o)
                0x000000000000011c                . = ALIGN (0x2)
 *(.text.*)
 .text.stop     0x000000000000011c       0x52 ./src/StopBeforeCrash.o
                0x000000000000011c                stop
 .text.displaySpeed
                0x000000000000016e       0x8e ./src/StopBeforeCrash.o
                0x000000000000016e                displaySpeed
 .text.init     0x00000000000001fc       0x1c ./src/StopBeforeCrash.o
                0x00000000000001fc                init
 .text.startup.main
                0x0000000000000218       0x4e ./src/StopBeforeCrash.o
                0x0000000000000218                main
 .text.s3_was_pressed
                0x0000000000000266       0x26 ./src/n2switchS3.o
                0x0000000000000266                s3_was_pressed
 .text.s3_is_pressed
                0x000000000000028c       0x20 ./src/n2switchS3.o
                0x000000000000028c                s3_is_pressed
 .text.display_write
                0x00000000000002ac       0x8a /home/defaultuser/Documents/niboLib304/lib/nibo2-m128-16/libnibo2_base.a(display.o)
                0x00000000000002ac                display_write
 .text.display_read
                0x0000000000000336       0x84 /home/defaultuser/Documents/niboLib304/lib/nibo2-m128-16/libnibo2_base.a(display.o)
                0x0000000000000336                display_read
 .text.display_wait
                0x00000000000003ba       0x3c /home/defaultuser/Documents/niboLib304/lib/nibo2-m128-16/libnibo2_base.a(display.o)
                0x00000000000003ba                display_wait
 .text.display_init
                0x00000000000003f6       0xde /home/defaultuser/Documents/niboLib304/lib/nibo2-m128-16/libnibo2_base.a(display.o)
                0x00000000000003f6                display_init
 .text.delay    0x00000000000004d4       0x16 /home/defaultuser/Documents/niboLib304/lib/nibo2-m128-16/libnibo2_base.a(delay.o)
                0x00000000000004d4                delay
 .text.spi_tx   0x00000000000004ea        0xe /home/defaultuser/Documents/niboLib304/lib/nibo2-m128-16/libnibo2_base.a(spi.o)
 .text.spi_restart_transmission
                0x00000000000004f8       0x36 /home/defaultuser/Documents/niboLib304/lib/nibo2-m128-16/libnibo2_base.a(spi.o)
                0x00000000000004f8                spi_restart_transmission
 .text.spi_init
                0x000000000000052e        0xe /home/defaultuser/Documents/niboLib304/lib/nibo2-m128-16/libnibo2_base.a(spi.o)
                0x000000000000052e                spi_init
 .text.__vector_17
                0x000000000000053c      0x11a /home/defaultuser/Documents/niboLib304/lib/nibo2-m128-16/libnibo2_base.a(spi.o)
                0x000000000000053c                __vector_17
 .text.gfx_store_disp_tile
                0x0000000000000656       0x94 /home/defaultuser/Documents/niboLib304/lib/nibo2-m128-16/libnibo2_base.a(gfx.o)
 .text.gfx_get_x
                0x00000000000006ea        0x6 /home/defaultuser/Documents/niboLib304/lib/nibo2-m128-16/libnibo2_base.a(gfx.o)
                0x00000000000006ea                gfx_get_x
 .text.gfx_get_y
                0x00000000000006f0        0x6 /home/defaultuser/Documents/niboLib304/lib/nibo2-m128-16/libnibo2_base.a(gfx.o)
                0x00000000000006f0                gfx_get_y
 .text.gfx_draw_mode
                0x00000000000006f6        0x6 /home/defaultuser/Documents/niboLib304/lib/nibo2-m128-16/libnibo2_base.a(gfx.o)
                0x00000000000006f6                gfx_draw_mode
 .text.gfx_move
                0x00000000000006fc       0x64 /home/defaultuser/Documents/niboLib304/lib/nibo2-m128-16/libnibo2_base.a(gfx.o)
                0x00000000000006fc                gfx_move
 .text.gfx_fill
                0x0000000000000760       0x70 /home/defaultuser/Documents/niboLib304/lib/nibo2-m128-16/libnibo2_base.a(gfx.o)
                0x0000000000000760                gfx_fill
 .text.gfx_display_write2
                0x00000000000007d0       0x8c /home/defaultuser/Documents/niboLib304/lib/nibo2-m128-16/libnibo2_base.a(gfx.o)
                0x00000000000007d0                gfx_display_write2
 .text.gfx_char_width
                0x000000000000085c       0x34 /home/defaultuser/Documents/niboLib304/lib/nibo2-m128-16/libnibo2_base.a(gfx.o)
                0x000000000000085c                gfx_char_width
 .text.gfx_print_char_base
                0x0000000000000890       0xf2 /home/defaultuser/Documents/niboLib304/lib/nibo2-m128-16/libnibo2_base.a(gfx.o)
                0x0000000000000890                gfx_print_char_base
 .text.gfx_print_char
                0x0000000000000982       0x4e /home/defaultuser/Documents/niboLib304/lib/nibo2-m128-16/libnibo2_base.a(gfx.o)
                0x0000000000000982                gfx_print_char
 .text.gfx_print_text
                0x00000000000009d0       0x18 /home/defaultuser/Documents/niboLib304/lib/nibo2-m128-16/libnibo2_base.a(gfx.o)
                0x00000000000009d0                gfx_print_text
 .text.gfx_text_width
                0x00000000000009e8       0x2a /home/defaultuser/Documents/niboLib304/lib/nibo2-m128-16/libnibo2_base.a(gfx.o)
                0x00000000000009e8                gfx_text_width
 .text.gfx_print_text_P
                0x0000000000000a12       0x22 /home/defaultuser/Documents/niboLib304/lib/nibo2-m128-16/libnibo2_base.a(gfx.o)
                0x0000000000000a12                gfx_print_text_P
 .text.gfx_text_width_P
                0x0000000000000a34       0x32 /home/defaultuser/Documents/niboLib304/lib/nibo2-m128-16/libnibo2_base.a(gfx.o)
                0x0000000000000a34                gfx_text_width_P
 .text.gfx_init
                0x0000000000000a66       0x7e /home/defaultuser/Documents/niboLib304/lib/nibo2-m128-16/libnibo2_base.a(gfx.o)
                0x0000000000000a66                gfx_init
 .text.gfx_set_proportional
                0x0000000000000ae4        0x6 /home/defaultuser/Documents/niboLib304/lib/nibo2-m128-16/libnibo2_base.a(gfx.o)
                0x0000000000000ae4                gfx_set_proportional
 .text.gfx_get_proportional
                0x0000000000000aea        0x6 /home/defaultuser/Documents/niboLib304/lib/nibo2-m128-16/libnibo2_base.a(gfx.o)
                0x0000000000000aea                gfx_get_proportional
 .text.gfx_hline
                0x0000000000000af0       0x2c /home/defaultuser/Documents/niboLib304/lib/nibo2-m128-16/libnibo2_base.a(gfx.o)
                0x0000000000000af0                gfx_hline
 .text.gfx_box  0x0000000000000b1c       0x9a /home/defaultuser/Documents/niboLib304/lib/nibo2-m128-16/libnibo2_base.a(gfx.o)
                0x0000000000000b1c                gfx_box
 .text.gfx_vline
                0x0000000000000bb6        0x8 /home/defaultuser/Documents/niboLib304/lib/nibo2-m128-16/libnibo2_base.a(gfx.o)
                0x0000000000000bb6                gfx_vline
 .text.gfx_draw_xbm
                0x0000000000000bbe      0x14a /home/defaultuser/Documents/niboLib304/lib/nibo2-m128-16/libnibo2_base.a(gfx.o)
                0x0000000000000bbe                gfx_draw_xbm
 .text.gfx_draw_xbm_P
                0x0000000000000d08      0x146 /home/defaultuser/Documents/niboLib304/lib/nibo2-m128-16/libnibo2_base.a(gfx.o)
                0x0000000000000d08                gfx_draw_xbm_P
 .text.gfx_pixel
                0x0000000000000e4e       0x22 /home/defaultuser/Documents/niboLib304/lib/nibo2-m128-16/libnibo2_base.a(gfx.o)
                0x0000000000000e4e                gfx_pixel
 .text.gfx_lineTo
                0x0000000000000e70      0x10e /home/defaultuser/Documents/niboLib304/lib/nibo2-m128-16/libnibo2_base.a(gfx.o)
                0x0000000000000e70                gfx_lineTo
 .text.gfx_term_clear
                0x0000000000000f7e       0x10 /home/defaultuser/Documents/niboLib304/lib/nibo2-m128-16/libnibo2_base.a(gfx.o)
                0x0000000000000f7e                gfx_term_clear
 .text.gfx_term_clearLine
                0x0000000000000f8e       0x28 /home/defaultuser/Documents/niboLib304/lib/nibo2-m128-16/libnibo2_base.a(gfx.o)
                0x0000000000000f8e                gfx_term_clearLine
 .text.gfx_term_goto
                0x0000000000000fb6       0x12 /home/defaultuser/Documents/niboLib304/lib/nibo2-m128-16/libnibo2_base.a(gfx.o)
                0x0000000000000fb6                gfx_term_goto
 .text.gfx_term_getCol
                0x0000000000000fc8        0x6 /home/defaultuser/Documents/niboLib304/lib/nibo2-m128-16/libnibo2_base.a(gfx.o)
                0x0000000000000fc8                gfx_term_getCol
 .text.gfx_term_getRow
                0x0000000000000fce        0x6 /home/defaultuser/Documents/niboLib304/lib/nibo2-m128-16/libnibo2_base.a(gfx.o)
                0x0000000000000fce                gfx_term_getRow
 .text.gfx_term_scroll
                0x0000000000000fd4      0x100 /home/defaultuser/Documents/niboLib304/lib/nibo2-m128-16/libnibo2_base.a(gfx.o)
                0x0000000000000fd4                gfx_term_scroll
 .text._gfx_term_write_char
                0x00000000000010d4       0x74 /home/defaultuser/Documents/niboLib304/lib/nibo2-m128-16/libnibo2_base.a(gfx.o)
 .text.gfx_term_writec
                0x0000000000001148        0x8 /home/defaultuser/Documents/niboLib304/lib/nibo2-m128-16/libnibo2_base.a(gfx.o)
                0x0000000000001148                gfx_term_writec
 .text.gfx_term_write
                0x0000000000001150       0x2c /home/defaultuser/Documents/niboLib304/lib/nibo2-m128-16/libnibo2_base.a(gfx.o)
                0x0000000000001150                gfx_term_write
 .text.gfx_term_print
                0x000000000000117c       0x1c /home/defaultuser/Documents/niboLib304/lib/nibo2-m128-16/libnibo2_base.a(gfx.o)
                0x000000000000117c                gfx_term_print
 .text.gfx_term_print_P
                0x0000000000001198       0x22 /home/defaultuser/Documents/niboLib304/lib/nibo2-m128-16/libnibo2_base.a(gfx.o)
                0x0000000000001198                gfx_term_print_P
 .text.wait_copro
                0x00000000000011ba       0x28 /home/defaultuser/Documents/niboLib304/lib/nibo2-m128-16/libnibo2_base.a(copro.o)
 .text.spi_finished_callback
                0x00000000000011e2       0xa8 /home/defaultuser/Documents/niboLib304/lib/nibo2-m128-16/libnibo2_base.a(copro.o)
                0x00000000000011e2                spi_finished_callback
 .text._copro_check_busy
                0x000000000000128a       0x1a /home/defaultuser/Documents/niboLib304/lib/nibo2-m128-16/libnibo2_base.a(copro.o)
                0x000000000000128a                _copro_check_busy
 .text.copro_update
                0x00000000000012a4      0x154 /home/defaultuser/Documents/niboLib304/lib/nibo2-m128-16/libnibo2_base.a(copro.o)
                0x00000000000012a4                copro_update
 .text.copro_stop
                0x00000000000013f8        0xc /home/defaultuser/Documents/niboLib304/lib/nibo2-m128-16/libnibo2_base.a(copro.o)
                0x00000000000013f8                copro_stop
 .text.copro_stopImmediate
                0x0000000000001404        0xe /home/defaultuser/Documents/niboLib304/lib/nibo2-m128-16/libnibo2_base.a(copro.o)
                0x0000000000001404                copro_stopImmediate
 .text.copro_setPWM
                0x0000000000001412       0x18 /home/defaultuser/Documents/niboLib304/lib/nibo2-m128-16/libnibo2_base.a(copro.o)
                0x0000000000001412                copro_setPWM
 .text.copro_setSpeed
                0x000000000000142a       0x18 /home/defaultuser/Documents/niboLib304/lib/nibo2-m128-16/libnibo2_base.a(copro.o)
                0x000000000000142a                copro_setSpeed
 .text.copro_setTargetAbs
                0x0000000000001442       0x34 /home/defaultuser/Documents/niboLib304/lib/nibo2-m128-16/libnibo2_base.a(copro.o)
                0x0000000000001442                copro_setTargetAbs
 .text.copro_setTargetRel
                0x0000000000001476       0x1c /home/defaultuser/Documents/niboLib304/lib/nibo2-m128-16/libnibo2_base.a(copro.o)
                0x0000000000001476                copro_setTargetRel
 .text.copro_setSpeedParameters
                0x0000000000001492       0x2e /home/defaultuser/Documents/niboLib304/lib/nibo2-m128-16/libnibo2_base.a(copro.o)
                0x0000000000001492                copro_setSpeedParameters
 .text.copro_setPositionParameters
                0x00000000000014c0        0x4 /home/defaultuser/Documents/niboLib304/lib/nibo2-m128-16/libnibo2_base.a(copro.o)
                0x00000000000014c0                copro_setPositionParameters
 .text.copro_resetOdometry
                0x00000000000014c4       0x54 /home/defaultuser/Documents/niboLib304/lib/nibo2-m128-16/libnibo2_base.a(copro.o)
                0x00000000000014c4                copro_resetOdometry
 .text.copro_ir_stop
                0x0000000000001518       0x14 /home/defaultuser/Documents/niboLib304/lib/nibo2-m128-16/libnibo2_base.a(copro.o)
                0x0000000000001518                copro_ir_stop
 .text.copro_ir_startMeasure
                0x000000000000152c       0x14 /home/defaultuser/Documents/niboLib304/lib/nibo2-m128-16/libnibo2_base.a(copro.o)
                0x000000000000152c                copro_ir_startMeasure
 .text.copro_transmitRC5
                0x0000000000001540       0x26 /home/defaultuser/Documents/niboLib304/lib/nibo2-m128-16/libnibo2_base.a(copro.o)
                0x0000000000001540                copro_transmitRC5
 .text.bot_init
                0x0000000000001566       0x34 /home/defaultuser/Documents/niboLib304/lib/nibo2-m128-16/libnibo2_base.a(bot.o)
                0x0000000000001566                bot_init
 .text.bot_update
                0x000000000000159a       0x12 /home/defaultuser/Documents/niboLib304/lib/nibo2-m128-16/libnibo2_base.a(bot.o)
                0x000000000000159a                bot_update
 .text.leds_init
                0x00000000000015ac       0x10 /home/defaultuser/Documents/niboLib304/lib/nibo2-m128-16/libnibo2_base.a(leds.o)
                0x00000000000015ac                leds_init
 .text.leds_set_status
                0x00000000000015bc       0x48 /home/defaultuser/Documents/niboLib304/lib/nibo2-m128-16/libnibo2_base.a(leds.o)
                0x00000000000015bc                leds_set_status
 .text.leds_set_status_intensity
                0x0000000000001604        0xa /home/defaultuser/Documents/niboLib304/lib/nibo2-m128-16/libnibo2_base.a(leds.o)
                0x0000000000001604                leds_set_status_intensity
 .text.leds_get_status_intensity
                0x000000000000160e        0xa /home/defaultuser/Documents/niboLib304/lib/nibo2-m128-16/libnibo2_base.a(leds.o)
                0x000000000000160e                leds_get_status_intensity
 .text.leds_set_headlights
                0x0000000000001618        0xa /home/defaultuser/Documents/niboLib304/lib/nibo2-m128-16/libnibo2_base.a(leds.o)
                0x0000000000001618                leds_set_headlights
 .text.leds_get_headlights
                0x0000000000001622        0xa /home/defaultuser/Documents/niboLib304/lib/nibo2-m128-16/libnibo2_base.a(leds.o)
                0x0000000000001622                leds_get_headlights
 .text.leds_set_displaylight
                0x000000000000162c        0xa /home/defaultuser/Documents/niboLib304/lib/nibo2-m128-16/libnibo2_base.a(leds.o)
                0x000000000000162c                leds_set_displaylight
 .text.leds_get_displaylight
                0x0000000000001636        0xa /home/defaultuser/Documents/niboLib304/lib/nibo2-m128-16/libnibo2_base.a(leds.o)
                0x0000000000001636                leds_get_displaylight
 .text.pwm_init
                0x0000000000001640       0x64 /home/defaultuser/Documents/niboLib304/lib/nibo2-m128-16/libnibo2_base.a(pwm.o)
                0x0000000000001640                pwm_init
 .text.__vector_14
                0x00000000000016a4      0x12c /home/defaultuser/Documents/niboLib304/lib/nibo2-m128-16/libnibo2_base.a(pwm.o)
                0x00000000000016a4                __vector_14
 .text.analog_init
                0x00000000000017d0       0x10 /home/defaultuser/Documents/niboLib304/lib/nibo2-m128-16/libnibo2_base.a(analog.o)
                0x00000000000017d0                analog_init
 .text.analog_end
                0x00000000000017e0        0x4 /home/defaultuser/Documents/niboLib304/lib/nibo2-m128-16/libnibo2_base.a(analog.o)
                0x00000000000017e0                analog_end
 .text.analog_getValue
                0x00000000000017e4       0x18 /home/defaultuser/Documents/niboLib304/lib/nibo2-m128-16/libnibo2_base.a(analog.o)
                0x00000000000017e4                analog_getValue
 .text.analog_getRandomSeed
                0x00000000000017fc       0x10 /home/defaultuser/Documents/niboLib304/lib/nibo2-m128-16/libnibo2_base.a(analog.o)
                0x00000000000017fc                analog_getRandomSeed
 .text.analog_wait_update
                0x000000000000180c        0xe /home/defaultuser/Documents/niboLib304/lib/nibo2-m128-16/libnibo2_base.a(analog.o)
                0x000000000000180c                analog_wait_update
 .text.analog_irq_hook
                0x000000000000181a        0x2 /home/defaultuser/Documents/niboLib304/lib/nibo2-m128-16/libnibo2_base.a(analog.o)
                0x000000000000181a                analog_irq_hook
 .text.__vector_21
                0x000000000000181c      0x186 /home/defaultuser/Documents/niboLib304/lib/nibo2-m128-16/libnibo2_base.a(analog.o)
                0x000000000000181c                __vector_21
 .text.avr-libc.fplib
                0x00000000000019a2        0x8 /usr/lib/gcc/avr/5.4.0/../../../avr/lib/avr51/libm.a(divsf3.o)
                0x00000000000019a2                __divsf3
 .text.avr-libc.fplib
                0x00000000000019aa       0xdc /usr/lib/gcc/avr/5.4.0/../../../avr/lib/avr51/libm.a(divsf3x.o)
                0x00000000000019ca                __divsf3x
                0x00000000000019d0                __divsf3_pse
 .text.avr-libc.fplib
                0x0000000000001a86        0xe /usr/lib/gcc/avr/5.4.0/../../../avr/lib/avr51/libm.a(fixsfsi.o)
                0x0000000000001a86                __fixsfsi
 .text.avr-libc.fplib
                0x0000000000001a94       0x5e /usr/lib/gcc/avr/5.4.0/../../../avr/lib/avr51/libm.a(fixunssfsi.o)
                0x0000000000001a94                __fixunssfsi
 .text.avr-libc.fplib
                0x0000000000001af2       0x7a /usr/lib/gcc/avr/5.4.0/../../../avr/lib/avr51/libm.a(floatsisf.o)
                0x0000000000001af2                __floatunsisf
                0x0000000000001af6                __floatsisf
 .text.avr-libc.fplib
                0x0000000000001b6c        0xc /usr/lib/gcc/avr/5.4.0/../../../avr/lib/avr51/libm.a(fp_inf.o)
                0x0000000000001b6c                __fp_inf
 .text.avr-libc.fplib
                0x0000000000001b78        0x6 /usr/lib/gcc/avr/5.4.0/../../../avr/lib/avr51/libm.a(fp_nan.o)
                0x0000000000001b78                __fp_nan
 .text.avr-libc.fplib
                0x0000000000001b7e        0xe /usr/lib/gcc/avr/5.4.0/../../../avr/lib/avr51/libm.a(fp_pscA.o)
                0x0000000000001b7e                __fp_pscA
 .text.avr-libc.fplib
                0x0000000000001b8c        0xe /usr/lib/gcc/avr/5.4.0/../../../avr/lib/avr51/libm.a(fp_pscB.o)
                0x0000000000001b8c                __fp_pscB
 .text.avr-libc.fplib
                0x0000000000001b9a       0x22 /usr/lib/gcc/avr/5.4.0/../../../avr/lib/avr51/libm.a(fp_round.o)
                0x0000000000001b9a                __fp_round
 .text.avr-libc.fplib
                0x0000000000001bbc       0x44 /usr/lib/gcc/avr/5.4.0/../../../avr/lib/avr51/libm.a(fp_split3.o)
                0x0000000000001bbc                __fp_split3
                0x0000000000001bcc                __fp_splitA
 .text.avr-libc.fplib
                0x0000000000001c00        0xe /usr/lib/gcc/avr/5.4.0/../../../avr/lib/avr51/libm.a(fp_zero.o)
                0x0000000000001c00                __fp_zero
                0x0000000000001c02                __fp_szero
 .text.avr-libc.fplib
                0x0000000000001c0e        0x8 /usr/lib/gcc/avr/5.4.0/../../../avr/lib/avr51/libm.a(mulsf3.o)
                0x0000000000001c0e                __mulsf3
 .text.avr-libc.fplib
                0x0000000000001c16       0xd2 /usr/lib/gcc/avr/5.4.0/../../../avr/lib/avr51/libm.a(mulsf3x.o)
                0x0000000000001c34                __mulsf3x
                0x0000000000001c3a                __mulsf3_pse
 .text.libgcc.mul
                0x0000000000001ce8        0x0 /usr/lib/gcc/avr/5.4.0/avr51/libgcc.a(_exit.o)
 .text.libgcc.div
                0x0000000000001ce8        0x0 /usr/lib/gcc/avr/5.4.0/avr51/libgcc.a(_exit.o)
 .text.libgcc   0x0000000000001ce8        0x0 /usr/lib/gcc/avr/5.4.0/avr51/libgcc.a(_exit.o)
 .text.libgcc.prologue
                0x0000000000001ce8        0x0 /usr/lib/gcc/avr/5.4.0/avr51/libgcc.a(_exit.o)
 .text.libgcc.builtins
                0x0000000000001ce8        0x0 /usr/lib/gcc/avr/5.4.0/avr51/libgcc.a(_exit.o)
 .text.libgcc.fmul
                0x0000000000001ce8        0x0 /usr/lib/gcc/avr/5.4.0/avr51/libgcc.a(_exit.o)
 .text.libgcc.fixed
                0x0000000000001ce8        0x0 /usr/lib/gcc/avr/5.4.0/avr51/libgcc.a(_exit.o)
 .text.libgcc.mul
                0x0000000000001ce8        0x0 /usr/lib/gcc/avr/5.4.0/avr51/libgcc.a(_tablejump2.o)
 .text.libgcc.div
                0x0000000000001ce8        0x0 /usr/lib/gcc/avr/5.4.0/avr51/libgcc.a(_tablejump2.o)
 .text.libgcc   0x0000000000001ce8       0x12 /usr/lib/gcc/avr/5.4.0/avr51/libgcc.a(_tablejump2.o)
                0x0000000000001ce8                __tablejump2__
 .text.libgcc.prologue
                0x0000000000001cfa        0x0 /usr/lib/gcc/avr/5.4.0/avr51/libgcc.a(_tablejump2.o)
 .text.libgcc.builtins
                0x0000000000001cfa        0x0 /usr/lib/gcc/avr/5.4.0/avr51/libgcc.a(_tablejump2.o)
 .text.libgcc.fmul
                0x0000000000001cfa        0x0 /usr/lib/gcc/avr/5.4.0/avr51/libgcc.a(_tablejump2.o)
 .text.libgcc.fixed
                0x0000000000001cfa        0x0 /usr/lib/gcc/avr/5.4.0/avr51/libgcc.a(_tablejump2.o)
 .text.libgcc.mul
                0x0000000000001cfa        0x0 /usr/lib/gcc/avr/5.4.0/avr51/libgcc.a(_copy_data.o)
 .text.libgcc.div
                0x0000000000001cfa        0x0 /usr/lib/gcc/avr/5.4.0/avr51/libgcc.a(_copy_data.o)
 .text.libgcc   0x0000000000001cfa        0x0 /usr/lib/gcc/avr/5.4.0/avr51/libgcc.a(_copy_data.o)
 .text.libgcc.prologue
                0x0000000000001cfa        0x0 /usr/lib/gcc/avr/5.4.0/avr51/libgcc.a(_copy_data.o)
 .text.libgcc.builtins
                0x0000000000001cfa        0x0 /usr/lib/gcc/avr/5.4.0/avr51/libgcc.a(_copy_data.o)
 .text.libgcc.fmul
                0x0000000000001cfa        0x0 /usr/lib/gcc/avr/5.4.0/avr51/libgcc.a(_copy_data.o)
 .text.libgcc.fixed
                0x0000000000001cfa        0x0 /usr/lib/gcc/avr/5.4.0/avr51/libgcc.a(_copy_data.o)
 .text.libgcc.mul
                0x0000000000001cfa        0x0 /usr/lib/gcc/avr/5.4.0/avr51/libgcc.a(_clear_bss.o)
 .text.libgcc.div
                0x0000000000001cfa        0x0 /usr/lib/gcc/avr/5.4.0/avr51/libgcc.a(_clear_bss.o)
 .text.libgcc   0x0000000000001cfa        0x0 /usr/lib/gcc/avr/5.4.0/avr51/libgcc.a(_clear_bss.o)
 .text.libgcc.prologue
                0x0000000000001cfa        0x0 /usr/lib/gcc/avr/5.4.0/avr51/libgcc.a(_clear_bss.o)
 .text.libgcc.builtins
                0x0000000000001cfa        0x0 /usr/lib/gcc/avr/5.4.0/avr51/libgcc.a(_clear_bss.o)
 .text.libgcc.fmul
                0x0000000000001cfa        0x0 /usr/lib/gcc/avr/5.4.0/avr51/libgcc.a(_clear_bss.o)
 .text.libgcc.fixed
                0x0000000000001cfa        0x0 /usr/lib/gcc/avr/5.4.0/avr51/libgcc.a(_clear_bss.o)
 .text.avr-libc
                0x0000000000001cfa       0x5e /usr/lib/gcc/avr/5.4.0/../../../avr/lib/avr51/libc.a(sprintf.o)
                0x0000000000001cfa                sprintf
 .text.avr-libc
                0x0000000000001d58      0x414 /usr/lib/gcc/avr/5.4.0/../../../avr/lib/avr51/libc.a(vfprintf_std.o)
                0x0000000000001d58                vfprintf
 .text.avr-libc
                0x000000000000216c       0x16 /usr/lib/gcc/avr/5.4.0/../../../avr/lib/avr51/libc.a(strnlen_P.o)
                0x000000000000216c                strnlen_P
 .text.avr-libc
                0x0000000000002182       0x16 /usr/lib/gcc/avr/5.4.0/../../../avr/lib/avr51/libc.a(strnlen.o)
                0x0000000000002182                strnlen
 .text.avr-libc
                0x0000000000002198       0x78 /usr/lib/gcc/avr/5.4.0/../../../avr/lib/avr51/libc.a(fputc.o)
                0x0000000000002198                fputc
 .text.avr-libc
                0x0000000000002210       0xbc /usr/lib/gcc/avr/5.4.0/../../../avr/lib/avr51/libc.a(ultoa_invert.o)
                0x0000000000002210                __ultoa_invert
                0x00000000000022cc                . = ALIGN (0x2)
 *(.fini9)
 .fini9         0x00000000000022cc        0x0 /usr/lib/gcc/avr/5.4.0/avr51/libgcc.a(_exit.o)
                0x00000000000022cc                exit
                0x00000000000022cc                _exit
 *(.fini9)
 *(.fini8)
 *(.fini8)
 *(.fini7)
 *(.fini7)
 *(.fini6)
 *(.fini6)
 *(.fini5)
 *(.fini5)
 *(.fini4)
 *(.fini4)
 *(.fini3)
 *(.fini3)
 *(.fini2)
 *(.fini2)
 *(.fini1)
 *(.fini1)
 *(.fini0)
 .fini0         0x00000000000022cc        0x4 /usr/lib/gcc/avr/5.4.0/avr51/libgcc.a(_exit.o)
 *(.fini0)
                0x00000000000022d0                _etext = .

.data           0x0000000000800100      0x24a load address 0x00000000000022d0
                0x0000000000800100                PROVIDE (__data_start, .)
 *(.data)
 .data          0x0000000000800100        0x0 /usr/lib/gcc/avr/5.4.0/../../../avr/lib/avr51/crtatmega128.o
 .data          0x0000000000800100        0x0 ./src/StopBeforeCrash.o
 .data          0x0000000000800100        0x0 ./src/n2switchS3.o
 .data          0x0000000000800100        0x0 /home/defaultuser/Documents/niboLib304/lib/nibo2-m128-16/libnibo2_base.a(display.o)
 .data          0x0000000000800100        0x0 /home/defaultuser/Documents/niboLib304/lib/nibo2-m128-16/libnibo2_base.a(delay.o)
 .data          0x0000000000800100        0x0 /home/defaultuser/Documents/niboLib304/lib/nibo2-m128-16/libnibo2_base.a(spi.o)
 .data          0x0000000000800100        0x0 /home/defaultuser/Documents/niboLib304/lib/nibo2-m128-16/libnibo2_base.a(gfx.o)
 .data          0x0000000000800100        0x0 /home/defaultuser/Documents/niboLib304/lib/nibo2-m128-16/libnibo2_base.a(copro.o)
 .data          0x0000000000800100        0x0 /home/defaultuser/Documents/niboLib304/lib/nibo2-m128-16/libnibo2_base.a(bot.o)
 .data          0x0000000000800100        0x0 /home/defaultuser/Documents/niboLib304/lib/nibo2-m128-16/libnibo2_base.a(leds.o)
 .data          0x0000000000800100        0x0 /home/defaultuser/Documents/niboLib304/lib/nibo2-m128-16/libnibo2_base.a(pwm.o)
 .data          0x0000000000800100        0x0 /home/defaultuser/Documents/niboLib304/lib/nibo2-m128-16/libnibo2_base.a(analog.o)
 .data          0x0000000000800100        0x0 /usr/lib/gcc/avr/5.4.0/../../../avr/lib/avr51/libm.a(divsf3.o)
 .data          0x0000000000800100        0x0 /usr/lib/gcc/avr/5.4.0/../../../avr/lib/avr51/libm.a(divsf3x.o)
 .data          0x0000000000800100        0x0 /usr/lib/gcc/avr/5.4.0/../../../avr/lib/avr51/libm.a(fixsfsi.o)
 .data          0x0000000000800100        0x0 /usr/lib/gcc/avr/5.4.0/../../../avr/lib/avr51/libm.a(fixunssfsi.o)
 .data          0x0000000000800100        0x0 /usr/lib/gcc/avr/5.4.0/../../../avr/lib/avr51/libm.a(floatsisf.o)
 .data          0x0000000000800100        0x0 /usr/lib/gcc/avr/5.4.0/../../../avr/lib/avr51/libm.a(fp_inf.o)
 .data          0x0000000000800100        0x0 /usr/lib/gcc/avr/5.4.0/../../../avr/lib/avr51/libm.a(fp_nan.o)
 .data          0x0000000000800100        0x0 /usr/lib/gcc/avr/5.4.0/../../../avr/lib/avr51/libm.a(fp_pscA.o)
 .data          0x0000000000800100        0x0 /usr/lib/gcc/avr/5.4.0/../../../avr/lib/avr51/libm.a(fp_pscB.o)
 .data          0x0000000000800100        0x0 /usr/lib/gcc/avr/5.4.0/../../../avr/lib/avr51/libm.a(fp_round.o)
 .data          0x0000000000800100        0x0 /usr/lib/gcc/avr/5.4.0/../../../avr/lib/avr51/libm.a(fp_split3.o)
 .data          0x0000000000800100        0x0 /usr/lib/gcc/avr/5.4.0/../../../avr/lib/avr51/libm.a(fp_zero.o)
 .data          0x0000000000800100        0x0 /usr/lib/gcc/avr/5.4.0/../../../avr/lib/avr51/libm.a(mulsf3.o)
 .data          0x0000000000800100        0x0 /usr/lib/gcc/avr/5.4.0/../../../avr/lib/avr51/libm.a(mulsf3x.o)
 .data          0x0000000000800100        0x0 /usr/lib/gcc/avr/5.4.0/avr51/libgcc.a(_exit.o)
 .data          0x0000000000800100        0x0 /usr/lib/gcc/avr/5.4.0/avr51/libgcc.a(_tablejump2.o)
 .data          0x0000000000800100        0x0 /usr/lib/gcc/avr/5.4.0/avr51/libgcc.a(_copy_data.o)
 .data          0x0000000000800100        0x0 /usr/lib/gcc/avr/5.4.0/avr51/libgcc.a(_clear_bss.o)
 .data          0x0000000000800100        0x0 /usr/lib/gcc/avr/5.4.0/../../../avr/lib/avr51/libc.a(sprintf.o)
 .data          0x0000000000800100        0x0 /usr/lib/gcc/avr/5.4.0/../../../avr/lib/avr51/libc.a(vfprintf_std.o)
 .data          0x0000000000800100        0x0 /usr/lib/gcc/avr/5.4.0/../../../avr/lib/avr51/libc.a(strnlen_P.o)
 .data          0x0000000000800100        0x0 /usr/lib/gcc/avr/5.4.0/../../../avr/lib/avr51/libc.a(strnlen.o)
 .data          0x0000000000800100        0x0 /usr/lib/gcc/avr/5.4.0/../../../avr/lib/avr51/libc.a(fputc.o)
 .data          0x0000000000800100        0x0 /usr/lib/gcc/avr/5.4.0/../../../avr/lib/avr51/libc.a(ultoa_invert.o)
 *(.data*)
 *(.gnu.linkonce.d*)
 *(.rodata)
 .rodata        0x0000000000800100      0x240 /home/defaultuser/Documents/niboLib304/lib/nibo2-m128-16/libnibo2_base.a(gfx.o)
                0x0000000000800100                fontTiles
 *(.rodata*)
 .rodata.str1.1
                0x0000000000800340        0xa ./src/StopBeforeCrash.o
 *(.gnu.linkonce.r*)
                0x000000000080034a                . = ALIGN (0x2)
                0x000000000080034a                _edata = .
                0x000000000080034a                PROVIDE (__data_end, .)

.bss            0x000000000080034a       0xda
                0x000000000080034a                PROVIDE (__bss_start, .)
 *(.bss)
 .bss           0x000000000080034a        0x0 /usr/lib/gcc/avr/5.4.0/../../../avr/lib/avr51/crtatmega128.o
 .bss           0x000000000080034a        0x0 ./src/StopBeforeCrash.o
 .bss           0x000000000080034a        0x0 ./src/n2switchS3.o
 .bss           0x000000000080034a        0x0 /home/defaultuser/Documents/niboLib304/lib/nibo2-m128-16/libnibo2_base.a(display.o)
 .bss           0x000000000080034a        0x0 /home/defaultuser/Documents/niboLib304/lib/nibo2-m128-16/libnibo2_base.a(delay.o)
 .bss           0x000000000080034a        0x0 /home/defaultuser/Documents/niboLib304/lib/nibo2-m128-16/libnibo2_base.a(spi.o)
 .bss           0x000000000080034a        0x0 /home/defaultuser/Documents/niboLib304/lib/nibo2-m128-16/libnibo2_base.a(gfx.o)
 .bss           0x000000000080034a        0x0 /home/defaultuser/Documents/niboLib304/lib/nibo2-m128-16/libnibo2_base.a(copro.o)
 .bss           0x000000000080034a        0x0 /home/defaultuser/Documents/niboLib304/lib/nibo2-m128-16/libnibo2_base.a(bot.o)
 .bss           0x000000000080034a        0x0 /home/defaultuser/Documents/niboLib304/lib/nibo2-m128-16/libnibo2_base.a(leds.o)
 .bss           0x000000000080034a        0x0 /home/defaultuser/Documents/niboLib304/lib/nibo2-m128-16/libnibo2_base.a(pwm.o)
 .bss           0x000000000080034a        0x0 /home/defaultuser/Documents/niboLib304/lib/nibo2-m128-16/libnibo2_base.a(analog.o)
 .bss           0x000000000080034a        0x0 /usr/lib/gcc/avr/5.4.0/../../../avr/lib/avr51/libm.a(divsf3.o)
 .bss           0x000000000080034a        0x0 /usr/lib/gcc/avr/5.4.0/../../../avr/lib/avr51/libm.a(divsf3x.o)
 .bss           0x000000000080034a        0x0 /usr/lib/gcc/avr/5.4.0/../../../avr/lib/avr51/libm.a(fixsfsi.o)
 .bss           0x000000000080034a        0x0 /usr/lib/gcc/avr/5.4.0/../../../avr/lib/avr51/libm.a(fixunssfsi.o)
 .bss           0x000000000080034a        0x0 /usr/lib/gcc/avr/5.4.0/../../../avr/lib/avr51/libm.a(floatsisf.o)
 .bss           0x000000000080034a        0x0 /usr/lib/gcc/avr/5.4.0/../../../avr/lib/avr51/libm.a(fp_inf.o)
 .bss           0x000000000080034a        0x0 /usr/lib/gcc/avr/5.4.0/../../../avr/lib/avr51/libm.a(fp_nan.o)
 .bss           0x000000000080034a        0x0 /usr/lib/gcc/avr/5.4.0/../../../avr/lib/avr51/libm.a(fp_pscA.o)
 .bss           0x000000000080034a        0x0 /usr/lib/gcc/avr/5.4.0/../../../avr/lib/avr51/libm.a(fp_pscB.o)
 .bss           0x000000000080034a        0x0 /usr/lib/gcc/avr/5.4.0/../../../avr/lib/avr51/libm.a(fp_round.o)
 .bss           0x000000000080034a        0x0 /usr/lib/gcc/avr/5.4.0/../../../avr/lib/avr51/libm.a(fp_split3.o)
 .bss           0x000000000080034a        0x0 /usr/lib/gcc/avr/5.4.0/../../../avr/lib/avr51/libm.a(fp_zero.o)
 .bss           0x000000000080034a        0x0 /usr/lib/gcc/avr/5.4.0/../../../avr/lib/avr51/libm.a(mulsf3.o)
 .bss           0x000000000080034a        0x0 /usr/lib/gcc/avr/5.4.0/../../../avr/lib/avr51/libm.a(mulsf3x.o)
 .bss           0x000000000080034a        0x0 /usr/lib/gcc/avr/5.4.0/avr51/libgcc.a(_exit.o)
 .bss           0x000000000080034a        0x0 /usr/lib/gcc/avr/5.4.0/avr51/libgcc.a(_tablejump2.o)
 .bss           0x000000000080034a        0x0 /usr/lib/gcc/avr/5.4.0/avr51/libgcc.a(_copy_data.o)
 .bss           0x000000000080034a        0x0 /usr/lib/gcc/avr/5.4.0/avr51/libgcc.a(_clear_bss.o)
 .bss           0x000000000080034a        0x0 /usr/lib/gcc/avr/5.4.0/../../../avr/lib/avr51/libc.a(sprintf.o)
 .bss           0x000000000080034a        0x0 /usr/lib/gcc/avr/5.4.0/../../../avr/lib/avr51/libc.a(vfprintf_std.o)
 .bss           0x000000000080034a        0x0 /usr/lib/gcc/avr/5.4.0/../../../avr/lib/avr51/libc.a(strnlen_P.o)
 .bss           0x000000000080034a        0x0 /usr/lib/gcc/avr/5.4.0/../../../avr/lib/avr51/libc.a(strnlen.o)
 .bss           0x000000000080034a        0x0 /usr/lib/gcc/avr/5.4.0/../../../avr/lib/avr51/libc.a(fputc.o)
 .bss           0x000000000080034a        0x0 /usr/lib/gcc/avr/5.4.0/../../../avr/lib/avr51/libc.a(ultoa_invert.o)
 *(.bss*)
 *(COMMON)
 COMMON         0x000000000080034a        0x2 /home/defaultuser/Documents/niboLib304/lib/nibo2-m128-16/libnibo2_base.a(display.o)
                0x000000000080034a                _display_mode_inv
                0x000000000080034b                display_type
 COMMON         0x000000000080034c       0x3e /home/defaultuser/Documents/niboLib304/lib/nibo2-m128-16/libnibo2_base.a(spi.o)
                0x000000000080034c                spi_tx_buf
                0x0000000000800367                spi_rx_size
                0x0000000000800368                spi_err_cnt
                0x0000000000800369                spi_tx_size
                0x000000000080036a                spi_frame_cnt
                0x000000000080036b                spi_size
                0x000000000080036c                spi_rx_buf
                0x0000000000800387                spi_tx_chk
                0x0000000000800388                spi_pos
                0x0000000000800389                spi_rx_chk
 COMMON         0x000000000080038a        0xe /home/defaultuser/Documents/niboLib304/lib/nibo2-m128-16/libnibo2_base.a(gfx.o)
                0x000000000080038a                gfx_dm
                0x000000000080038b                gfx_term_row
                0x000000000080038c                gfx_proportional
                0x000000000080038d                gfx_x
                0x000000000080038e                gfx_tile
                0x0000000000800396                gfx_y
                0x0000000000800397                gfx_term_col
 COMMON         0x0000000000800398       0x5d /home/defaultuser/Documents/niboLib304/lib/nibo2-m128-16/libnibo2_base.a(copro.o)
                0x0000000000800398                copro_ticks_offset_r
                0x000000000080039a                copro_ticks_offset_l
                0x000000000080039c                copro_current_l
                0x000000000080039e                copro_commands
                0x00000000008003b3                copro_ticks_l
                0x00000000008003b5                copro_rc5_cmd
                0x00000000008003b7                copro_distance
                0x00000000008003c1                copro_pos_x
                0x00000000008003c5                copro_pos_ori
                0x00000000008003c9                copro_speed_r
                0x00000000008003cb                copro_ticks_r
                0x00000000008003cd                copro_pos_y
                0x00000000008003d1                copro_ir_mode
                0x00000000008003d2                copro_rc5_count
                0x00000000008003d3                copro_current_r
                0x00000000008003d5                copro_buffer
                0x00000000008003f0                copro_target_distance
                0x00000000008003f2                copro_seq
                0x00000000008003f3                copro_speed_l
 COMMON         0x00000000008003f5        0x2 /home/defaultuser/Documents/niboLib304/lib/nibo2-m128-16/libnibo2_base.a(bot.o)
                0x00000000008003f5                bot_supply
 COMMON         0x00000000008003f7        0xe /home/defaultuser/Documents/niboLib304/lib/nibo2-m128-16/libnibo2_base.a(pwm.o)
                0x00000000008003f7                pwm_channel_A
                0x00000000008003f9                pwm_channel_B
                0x00000000008003fb                pwm_timer_ms
                0x00000000008003fd                pwm_channel_C
                0x00000000008003ff                pwm_timer_sub
                0x0000000000800401                pwm_timer_sec
 COMMON         0x0000000000800405       0x1f /home/defaultuser/Documents/niboLib304/lib/nibo2-m128-16/libnibo2_base.a(analog.o)
                0x0000000000800405                analog_pos
                0x0000000000800406                analog_flags
                0x0000000000800407                analog_sample_id
                0x0000000000800408                analog_samples
                0x0000000000800422                analog_random_seed
                0x0000000000800424                PROVIDE (__bss_end, .)
                0x00000000000022d0                __data_load_start = LOADADDR (.data)
                0x000000000000251a                __data_load_end = (__data_load_start + SIZEOF (.data))

.noinit         0x0000000000800424        0x0
                [!provide]                        PROVIDE (__noinit_start, .)
 *(.noinit*)
                [!provide]                        PROVIDE (__noinit_end, .)
                0x0000000000800424                _end = .
                [!provide]                        PROVIDE (__heap_start, .)

.eeprom         0x0000000000810000        0x0
 *(.eeprom*)
                0x0000000000810000                __eeprom_end = .

.fuse
 *(.fuse)
 *(.lfuse)
 *(.hfuse)
 *(.efuse)

.lock
 *(.lock*)

.signature
 *(.signature*)

.user_signatures
 *(.user_signatures*)

.stab           0x0000000000000000      0xc54
 *(.stab)
 .stab          0x0000000000000000      0x8b8 ./src/StopBeforeCrash.o
 .stab          0x00000000000008b8      0x39c ./src/n2switchS3.o
                                        0x570 (size before relaxing)

.stabstr        0x0000000000000000     0x126d
 *(.stabstr)
 .stabstr       0x0000000000000000     0x126d ./src/StopBeforeCrash.o

.stab.excl
 *(.stab.excl)

.stab.exclstr
 *(.stab.exclstr)

.stab.index
 *(.stab.index)

.stab.indexstr
 *(.stab.indexstr)

.comment        0x0000000000000000       0x11
 *(.comment)
 .comment       0x0000000000000000       0x11 ./src/StopBeforeCrash.o
                                         0x12 (size before relaxing)
 .comment       0x0000000000000011       0x12 ./src/n2switchS3.o
 .comment       0x0000000000000011       0x12 /home/defaultuser/Documents/niboLib304/lib/nibo2-m128-16/libnibo2_base.a(display.o)
 .comment       0x0000000000000011       0x12 /home/defaultuser/Documents/niboLib304/lib/nibo2-m128-16/libnibo2_base.a(delay.o)
 .comment       0x0000000000000011       0x12 /home/defaultuser/Documents/niboLib304/lib/nibo2-m128-16/libnibo2_base.a(spi.o)
 .comment       0x0000000000000011       0x12 /home/defaultuser/Documents/niboLib304/lib/nibo2-m128-16/libnibo2_base.a(gfx.o)
 .comment       0x0000000000000011       0x12 /home/defaultuser/Documents/niboLib304/lib/nibo2-m128-16/libnibo2_base.a(copro.o)
 .comment       0x0000000000000011       0x12 /home/defaultuser/Documents/niboLib304/lib/nibo2-m128-16/libnibo2_base.a(bot.o)
 .comment       0x0000000000000011       0x12 /home/defaultuser/Documents/niboLib304/lib/nibo2-m128-16/libnibo2_base.a(leds.o)
 .comment       0x0000000000000011       0x12 /home/defaultuser/Documents/niboLib304/lib/nibo2-m128-16/libnibo2_base.a(pwm.o)
 .comment       0x0000000000000011       0x12 /home/defaultuser/Documents/niboLib304/lib/nibo2-m128-16/libnibo2_base.a(analog.o)
 .comment       0x0000000000000011       0x12 /usr/lib/gcc/avr/5.4.0/../../../avr/lib/avr51/libc.a(sprintf.o)
 .comment       0x0000000000000011       0x12 /usr/lib/gcc/avr/5.4.0/../../../avr/lib/avr51/libc.a(vfprintf_std.o)
 .comment       0x0000000000000011       0x12 /usr/lib/gcc/avr/5.4.0/../../../avr/lib/avr51/libc.a(fputc.o)

.note.gnu.avr.deviceinfo
                0x0000000000000000       0x3c
 .note.gnu.avr.deviceinfo
                0x0000000000000000       0x3c /usr/lib/gcc/avr/5.4.0/../../../avr/lib/avr51/crtatmega128.o

.note.gnu.build-id
 *(.note.gnu.build-id)

.debug
 *(.debug)

.line
 *(.line)

.debug_srcinfo
 *(.debug_srcinfo)

.debug_sfnames
 *(.debug_sfnames)

.debug_aranges
 *(.debug_aranges)

.debug_pubnames
 *(.debug_pubnames)

.debug_info     0x0000000000000000      0x780
 *(.debug_info .gnu.linkonce.wi.*)
 .debug_info    0x0000000000000000      0x780 /usr/lib/gcc/avr/5.4.0/../../../avr/lib/avr51/crtatmega128.o

.debug_abbrev   0x0000000000000000      0x718
 *(.debug_abbrev)
 .debug_abbrev  0x0000000000000000      0x718 /usr/lib/gcc/avr/5.4.0/../../../avr/lib/avr51/crtatmega128.o

.debug_line     0x0000000000000000       0x1a
 *(.debug_line .debug_line.* .debug_line_end)
 .debug_line    0x0000000000000000       0x1a /usr/lib/gcc/avr/5.4.0/../../../avr/lib/avr51/crtatmega128.o

.debug_frame
 *(.debug_frame)

.debug_str      0x0000000000000000      0x27d
 *(.debug_str)
 .debug_str     0x0000000000000000      0x27d /usr/lib/gcc/avr/5.4.0/../../../avr/lib/avr51/crtatmega128.o

.debug_loc
 *(.debug_loc)

.debug_macinfo
 *(.debug_macinfo)

.debug_weaknames
 *(.debug_weaknames)

.debug_funcnames
 *(.debug_funcnames)

.debug_typenames
 *(.debug_typenames)

.debug_varnames
 *(.debug_varnames)

.debug_pubtypes
 *(.debug_pubtypes)

.debug_ranges
 *(.debug_ranges)

.debug_macro
 *(.debug_macro)
OUTPUT(NiboStopBeforeCrash.elf elf32-avr)
LOAD linker stubs
